Archive member included to satisfy reference by file (symbol)

/opt/st/stm32cubeide_1.12.0_2/plugins/com.st.stm32cube.ide.mcu.externaltools.gnu-tools-for-stm32.10.3-2021.10.linux64_1.0.200.202301161003/tools/bin/../lib/gcc/arm-none-eabi/10.3.1/../../../../arm-none-eabi/lib/thumb/v7e-m+fp/hard/libc_nano.a(lib_a-errno.o)
                              ./Core/Src/syscalls.o (__errno)
/opt/st/stm32cubeide_1.12.0_2/plugins/com.st.stm32cube.ide.mcu.externaltools.gnu-tools-for-stm32.10.3-2021.10.linux64_1.0.200.202301161003/tools/bin/../lib/gcc/arm-none-eabi/10.3.1/../../../../arm-none-eabi/lib/thumb/v7e-m+fp/hard/libc_nano.a(lib_a-exit.o)
                              /opt/st/stm32cubeide_1.12.0_2/plugins/com.st.stm32cube.ide.mcu.externaltools.gnu-tools-for-stm32.10.3-2021.10.linux64_1.0.200.202301161003/tools/bin/../lib/gcc/arm-none-eabi/10.3.1/../../../../arm-none-eabi/lib/thumb/v7e-m+fp/hard/crt0.o (exit)
/opt/st/stm32cubeide_1.12.0_2/plugins/com.st.stm32cube.ide.mcu.externaltools.gnu-tools-for-stm32.10.3-2021.10.linux64_1.0.200.202301161003/tools/bin/../lib/gcc/arm-none-eabi/10.3.1/../../../../arm-none-eabi/lib/thumb/v7e-m+fp/hard/libc_nano.a(lib_a-impure.o)
                              /opt/st/stm32cubeide_1.12.0_2/plugins/com.st.stm32cube.ide.mcu.externaltools.gnu-tools-for-stm32.10.3-2021.10.linux64_1.0.200.202301161003/tools/bin/../lib/gcc/arm-none-eabi/10.3.1/../../../../arm-none-eabi/lib/thumb/v7e-m+fp/hard/libc_nano.a(lib_a-exit.o) (_global_impure_ptr)
/opt/st/stm32cubeide_1.12.0_2/plugins/com.st.stm32cube.ide.mcu.externaltools.gnu-tools-for-stm32.10.3-2021.10.linux64_1.0.200.202301161003/tools/bin/../lib/gcc/arm-none-eabi/10.3.1/../../../../arm-none-eabi/lib/thumb/v7e-m+fp/hard/libc_nano.a(lib_a-init.o)
                              /opt/st/stm32cubeide_1.12.0_2/plugins/com.st.stm32cube.ide.mcu.externaltools.gnu-tools-for-stm32.10.3-2021.10.linux64_1.0.200.202301161003/tools/bin/../lib/gcc/arm-none-eabi/10.3.1/../../../../arm-none-eabi/lib/thumb/v7e-m+fp/hard/crt0.o (__libc_init_array)
/opt/st/stm32cubeide_1.12.0_2/plugins/com.st.stm32cube.ide.mcu.externaltools.gnu-tools-for-stm32.10.3-2021.10.linux64_1.0.200.202301161003/tools/bin/../lib/gcc/arm-none-eabi/10.3.1/../../../../arm-none-eabi/lib/thumb/v7e-m+fp/hard/libc_nano.a(lib_a-memset.o)
                              /opt/st/stm32cubeide_1.12.0_2/plugins/com.st.stm32cube.ide.mcu.externaltools.gnu-tools-for-stm32.10.3-2021.10.linux64_1.0.200.202301161003/tools/bin/../lib/gcc/arm-none-eabi/10.3.1/../../../../arm-none-eabi/lib/thumb/v7e-m+fp/hard/crt0.o (memset)
/opt/st/stm32cubeide_1.12.0_2/plugins/com.st.stm32cube.ide.mcu.externaltools.gnu-tools-for-stm32.10.3-2021.10.linux64_1.0.200.202301161003/tools/bin/../lib/gcc/arm-none-eabi/10.3.1/../../../../arm-none-eabi/lib/thumb/v7e-m+fp/hard/libc_nano.a(lib_a-printf.o)
                              ./Core/Src/main.o (printf)
/opt/st/stm32cubeide_1.12.0_2/plugins/com.st.stm32cube.ide.mcu.externaltools.gnu-tools-for-stm32.10.3-2021.10.linux64_1.0.200.202301161003/tools/bin/../lib/gcc/arm-none-eabi/10.3.1/../../../../arm-none-eabi/lib/thumb/v7e-m+fp/hard/libc_nano.a(lib_a-puts.o)
                              ./Core/Src/main.o (puts)
/opt/st/stm32cubeide_1.12.0_2/plugins/com.st.stm32cube.ide.mcu.externaltools.gnu-tools-for-stm32.10.3-2021.10.linux64_1.0.200.202301161003/tools/bin/../lib/gcc/arm-none-eabi/10.3.1/../../../../arm-none-eabi/lib/thumb/v7e-m+fp/hard/libc_nano.a(lib_a-wbuf.o)
                              /opt/st/stm32cubeide_1.12.0_2/plugins/com.st.stm32cube.ide.mcu.externaltools.gnu-tools-for-stm32.10.3-2021.10.linux64_1.0.200.202301161003/tools/bin/../lib/gcc/arm-none-eabi/10.3.1/../../../../arm-none-eabi/lib/thumb/v7e-m+fp/hard/libc_nano.a(lib_a-puts.o) (__swbuf_r)
/opt/st/stm32cubeide_1.12.0_2/plugins/com.st.stm32cube.ide.mcu.externaltools.gnu-tools-for-stm32.10.3-2021.10.linux64_1.0.200.202301161003/tools/bin/../lib/gcc/arm-none-eabi/10.3.1/../../../../arm-none-eabi/lib/thumb/v7e-m+fp/hard/libc_nano.a(lib_a-wsetup.o)
                              /opt/st/stm32cubeide_1.12.0_2/plugins/com.st.stm32cube.ide.mcu.externaltools.gnu-tools-for-stm32.10.3-2021.10.linux64_1.0.200.202301161003/tools/bin/../lib/gcc/arm-none-eabi/10.3.1/../../../../arm-none-eabi/lib/thumb/v7e-m+fp/hard/libc_nano.a(lib_a-puts.o) (__swsetup_r)
/opt/st/stm32cubeide_1.12.0_2/plugins/com.st.stm32cube.ide.mcu.externaltools.gnu-tools-for-stm32.10.3-2021.10.linux64_1.0.200.202301161003/tools/bin/../lib/gcc/arm-none-eabi/10.3.1/../../../../arm-none-eabi/lib/thumb/v7e-m+fp/hard/libc_nano.a(lib_a-fflush.o)
                              /opt/st/stm32cubeide_1.12.0_2/plugins/com.st.stm32cube.ide.mcu.externaltools.gnu-tools-for-stm32.10.3-2021.10.linux64_1.0.200.202301161003/tools/bin/../lib/gcc/arm-none-eabi/10.3.1/../../../../arm-none-eabi/lib/thumb/v7e-m+fp/hard/libc_nano.a(lib_a-wbuf.o) (_fflush_r)
[...]
Memory Configuration

Name             Origin             Length             Attributes
RAM              0x0000000020000000 0x0000000000020000 xrw
FLASH            0x0000000008000000 0x0000000000080000 xr
*default*        0x0000000000000000 0xffffffffffffffff

Linker script and memory map

LOAD /opt/st/stm32cubeide_1.12.0_2/plugins/com.st.stm32cube.ide.mcu.externaltools.gnu-tools-for-stm32.10.3-2021.10.linux64_1.0.200.202301161003/tools/bin/../lib/gcc/arm-none-eabi/10.3.1/thumb/v7e-m+fp/hard/crti.o
LOAD /opt/st/stm32cubeide_1.12.0_2/plugins/com.st.stm32cube.ide.mcu.externaltools.gnu-tools-for-stm32.10.3-2021.10.linux64_1.0.200.202301161003/tools/bin/../lib/gcc/arm-none-eabi/10.3.1/thumb/v7e-m+fp/hard/crtbegin.o
LOAD /opt/st/stm32cubeide_1.12.0_2/plugins/com.st.stm32cube.ide.mcu.externaltools.gnu-tools-for-stm32.10.3-2021.10.linux64_1.0.200.202301161003/tools/bin/../lib/gcc/arm-none-eabi/10.3.1/../../../../arm-none-eabi/lib/thumb/v7e-m+fp/hard/crt0.o
LOAD ./Core/Src/main.o
LOAD ./Core/Src/stm32g4xx_hal_msp.o
LOAD ./Core/Src/stm32g4xx_it.o
LOAD ./Core/Src/syscalls.o
LOAD ./Core/Src/sysmem.o
LOAD ./Core/Src/system_stm32g4xx.o
LOAD ./Core/Startup/startup_stm32g474retx.o
LOAD ./Drivers/STM32G4xx_HAL_Driver/Src/stm32g4xx_hal.o
LOAD ./Drivers/STM32G4xx_HAL_Driver/Src/stm32g4xx_hal_cortex.o
LOAD ./Drivers/STM32G4xx_HAL_Driver/Src/stm32g4xx_hal_dma.o
LOAD ./Drivers/STM32G4xx_HAL_Driver/Src/stm32g4xx_hal_dma_ex.o
LOAD ./Drivers/STM32G4xx_HAL_Driver/Src/stm32g4xx_hal_exti.o
LOAD ./Drivers/STM32G4xx_HAL_Driver/Src/stm32g4xx_hal_fdcan.o
LOAD ./Drivers/STM32G4xx_HAL_Driver/Src/stm32g4xx_hal_flash.o
LOAD ./Drivers/STM32G4xx_HAL_Driver/Src/stm32g4xx_hal_flash_ex.o
LOAD ./Drivers/STM32G4xx_HAL_Driver/Src/stm32g4xx_hal_flash_ramfunc.o
LOAD ./Drivers/STM32G4xx_HAL_Driver/Src/stm32g4xx_hal_gpio.o
LOAD ./Drivers/STM32G4xx_HAL_Driver/Src/stm32g4xx_hal_pwr.o
LOAD ./Drivers/STM32G4xx_HAL_Driver/Src/stm32g4xx_hal_pwr_ex.o
LOAD ./Drivers/STM32G4xx_HAL_Driver/Src/stm32g4xx_hal_rcc.o
LOAD ./Drivers/STM32G4xx_HAL_Driver/Src/stm32g4xx_hal_rcc_ex.o
LOAD ./Drivers/STM32G4xx_HAL_Driver/Src/stm32g4xx_hal_tim.o
LOAD ./Drivers/STM32G4xx_HAL_Driver/Src/stm32g4xx_hal_tim_ex.o
LOAD ./Drivers/STM32G4xx_HAL_Driver/Src/stm32g4xx_hal_uart.o
LOAD ./Drivers/STM32G4xx_HAL_Driver/Src/stm32g4xx_hal_uart_ex.o
START GROUP
LOAD /opt/st/stm32cubeide_1.12.0_2/plugins/com.st.stm32cube.ide.mcu.externaltools.gnu-tools-for-stm32.10.3-2021.10.linux64_1.0.200.202301161003/tools/bin/../lib/gcc/arm-none-eabi/10.3.1/../../../../arm-none-eabi/lib/thumb/v7e-m+fp/hard/libc_nano.a
LOAD /opt/st/stm32cubeide_1.12.0_2/plugins/com.st.stm32cube.ide.mcu.externaltools.gnu-tools-for-stm32.10.3-2021.10.linux64_1.0.200.202301161003/tools/bin/../lib/gcc/arm-none-eabi/10.3.1/../../../../arm-none-eabi/lib/thumb/v7e-m+fp/hard/libm.a
END GROUP
START GROUP
LOAD /opt/st/stm32cubeide_1.12.0_2/plugins/com.st.stm32cube.ide.mcu.externaltools.gnu-tools-for-stm32.10.3-2021.10.linux64_1.0.200.202301161003/tools/bin/../lib/gcc/arm-none-eabi/10.3.1/thumb/v7e-m+fp/hard/libgcc.a
LOAD /opt/st/stm32cubeide_1.12.0_2/plugins/com.st.stm32cube.ide.mcu.externaltools.gnu-tools-for-stm32.10.3-2021.10.linux64_1.0.200.202301161003/tools/bin/../lib/gcc/arm-none-eabi/10.3.1/../../../../arm-none-eabi/lib/thumb/v7e-m+fp/hard/libc_nano.a
END GROUP
START GROUP
LOAD /opt/st/stm32cubeide_1.12.0_2/plugins/com.st.stm32cube.ide.mcu.externaltools.gnu-tools-for-stm32.10.3-2021.10.linux64_1.0.200.202301161003/tools/bin/../lib/gcc/arm-none-eabi/10.3.1/thumb/v7e-m+fp/hard/libgcc.a
LOAD /opt/st/stm32cubeide_1.12.0_2/plugins/com.st.stm32cube.ide.mcu.externaltools.gnu-tools-for-stm32.10.3-2021.10.linux64_1.0.200.202301161003/tools/bin/../lib/gcc/arm-none-eabi/10.3.1/../../../../arm-none-eabi/lib/thumb/v7e-m+fp/hard/libc_nano.a
LOAD /opt/st/stm32cubeide_1.12.0_2/plugins/com.st.stm32cube.ide.mcu.externaltools.gnu-tools-for-stm32.10.3-2021.10.linux64_1.0.200.202301161003/tools/bin/../lib/gcc/arm-none-eabi/10.3.1/../../../../arm-none-eabi/lib/thumb/v7e-m+fp/hard/libnosys.a
END GROUP
START GROUP
LOAD /opt/st/stm32cubeide_1.12.0_2/plugins/com.st.stm32cube.ide.mcu.externaltools.gnu-tools-for-stm32.10.3-2021.10.linux64_1.0.200.202301161003/tools/bin/../lib/gcc/arm-none-eabi/10.3.1/thumb/v7e-m+fp/hard/libgcc.a
LOAD /opt/st/stm32cubeide_1.12.0_2/plugins/com.st.stm32cube.ide.mcu.externaltools.gnu-tools-for-stm32.10.3-2021.10.linux64_1.0.200.202301161003/tools/bin/../lib/gcc/arm-none-eabi/10.3.1/../../../../arm-none-eabi/lib/thumb/v7e-m+fp/hard/libc_nano.a
LOAD /opt/st/stm32cubeide_1.12.0_2/plugins/com.st.stm32cube.ide.mcu.externaltools.gnu-tools-for-stm32.10.3-2021.10.linux64_1.0.200.202301161003/tools/bin/../lib/gcc/arm-none-eabi/10.3.1/../../../../arm-none-eabi/lib/thumb/v7e-m+fp/hard/libnosys.a
END GROUP
LOAD /opt/st/stm32cubeide_1.12.0_2/plugins/com.st.stm32cube.ide.mcu.externaltools.gnu-tools-for-stm32.10.3-2021.10.linux64_1.0.200.202301161003/tools/bin/../lib/gcc/arm-none-eabi/10.3.1/thumb/v7e-m+fp/hard/crtend.o
LOAD /opt/st/stm32cubeide_1.12.0_2/plugins/com.st.stm32cube.ide.mcu.externaltools.gnu-tools-for-stm32.10.3-2021.10.linux64_1.0.200.202301161003/tools/bin/../lib/gcc/arm-none-eabi/10.3.1/thumb/v7e-m+fp/hard/crtn.o
                0x0000000020020000                _estack = (ORIGIN (RAM) + LENGTH (RAM))
                0x0000000000000200                _Min_Heap_Size = 0x200
                0x0000000000000400                _Min_Stack_Size = 0x400

.isr_vector     0x0000000008000000      0x1d8
                0x0000000008000000                . = ALIGN (0x4)
 *(.isr_vector)
 .isr_vector    0x0000000008000000      0x1d8 ./Core/Startup/startup_stm32g474retx.o
                0x0000000008000000                g_pfnVectors
                0x00000000080001d8                . = ALIGN (0x4)

.text           0x00000000080001e0     0x4ffc
                0x00000000080001e0                . = ALIGN (0x4)
 *(.text)
 .text          0x00000000080001e0       0x40 /opt/st/stm32cubeide_1.12.0_2/plugins/com.st.stm32cube.ide.mcu.externaltools.gnu-tools-for-stm32.10.3-2021.10.linux64_1.0.200.202301161003/tools/bin/../lib/gcc/arm-none-eabi/10.3.1/thumb/v7e-m+fp/hard/crtbegin.o
 .text          0x0000000008000220       0xa0 /opt/st/stm32cubeide_1.12.0_2/plugins/com.st.stm32cube.ide.mcu.externaltools.gnu-tools-for-stm32.10.3-2021.10.linux64_1.0.200.202301161003/tools/bin/../lib/gcc/arm-none-eabi/10.3.1/../../../../arm-none-eabi/lib/thumb/v7e-m+fp/hard/libc_nano.a(lib_a-memchr.o)
                0x0000000008000220                memchr
 .text          0x00000000080002c0       0x30 /opt/st/stm32cubeide_1.12.0_2/plugins/com.st.stm32cube.ide.mcu.externaltools.gnu-tools-for-stm32.10.3-2021.10.linux64_1.0.200.202301161003/tools/bin/../lib/gcc/arm-none-eabi/10.3.1/thumb/v7e-m+fp/hard/libgcc.a(_aeabi_uldivmod.o)
                0x00000000080002c0                __aeabi_uldivmod
 .text          0x00000000080002f0      0x2d0 /opt/st/stm32cubeide_1.12.0_2/plugins/com.st.stm32cube.ide.mcu.externaltools.gnu-tools-for-stm32.10.3-2021.10.linux64_1.0.200.202301161003/tools/bin/../lib/gcc/arm-none-eabi/10.3.1/thumb/v7e-m+fp/hard/libgcc.a(_udivmoddi4.o)
                0x00000000080002f0                __udivmoddi4
 .text          0x00000000080005c0        0x4 /opt/st/stm32cubeide_1.12.0_2/plugins/com.st.stm32cube.ide.mcu.externaltools.gnu-tools-for-stm32.10.3-2021.10.linux64_1.0.200.202301161003/tools/bin/../lib/gcc/arm-none-eabi/10.3.1/thumb/v7e-m+fp/hard/libgcc.a(_dvmd_tls.o)
                0x00000000080005c0                __aeabi_ldiv0
                0x00000000080005c0                __aeabi_idiv0
 *(.text*)
 .text.ITM_SendChar
                0x00000000080005c4       0x4e ./Core/Src/main.o
 *fill*         0x0000000008000612        0x2 
 .text.HAL_FDCAN_RxFifo0Callback
                0x0000000008000614       0xc8 ./Core/Src/main.o
                0x0000000008000614                HAL_FDCAN_RxFifo0Callback
 .text.HAL_FDCAN_RxFifo1Callback
                0x00000000080006dc       0xc8 ./Core/Src/main.o
                0x00000000080006dc                HAL_FDCAN_RxFifo1Callback
 .text.__io_putchar
                0x00000000080007a4       0x1c ./Core/Src/main.o
                0x00000000080007a4                __io_putchar
 .text.main     0x00000000080007c0      0x138 ./Core/Src/main.o
                0x00000000080007c0                main
 .text.SystemClock_Config
                0x00000000080008f8       0x96 ./Core/Src/main.o
                0x00000000080008f8                SystemClock_Config
 *fill*         0x000000000800098e        0x2 
 .text.MX_FDCAN1_Init
                0x0000000008000990       0xc0 ./Core/Src/main.o
 .text.MX_FDCAN2_Init
                0x0000000008000a50       0xc0 ./Core/Src/main.o
 .text.MX_LPUART1_UART_Init
                0x0000000008000b10       0x94 ./Core/Src/main.o
 .text.MX_GPIO_Init
                0x0000000008000ba4       0xdc ./Core/Src/main.o
 .text.Error_Handler
                0x0000000008000c80       0x1c ./Core/Src/main.o
                0x0000000008000c80                Error_Handler
 .text.HAL_MspInit
                0x0000000008000c9c       0x48 ./Core/Src/stm32g4xx_hal_msp.o
                0x0000000008000c9c                HAL_MspInit
 .text.HAL_FDCAN_MspInit
                0x0000000008000ce4      0x184 ./Core/Src/stm32g4xx_hal_msp.o
                0x0000000008000ce4                HAL_FDCAN_MspInit
 .text.HAL_UART_MspInit
                0x0000000008000e68       0xb0 ./Core/Src/stm32g4xx_hal_msp.o
                0x0000000008000e68                HAL_UART_MspInit
 .text.NMI_Handler
                0x0000000008000f18        0x6 ./Core/Src/stm32g4xx_it.o
                0x0000000008000f18                NMI_Handler
 .text.HardFault_Handler
                0x0000000008000f1e        0x6 ./Core/Src/stm32g4xx_it.o
                0x0000000008000f1e                HardFault_Handler
 .text.MemManage_Handler
                0x0000000008000f24        0x6 ./Core/Src/stm32g4xx_it.o
                0x0000000008000f24                MemManage_Handler
 .text.BusFault_Handler
                0x0000000008000f2a        0x6 ./Core/Src/stm32g4xx_it.o
                0x0000000008000f2a                BusFault_Handler
 .text.UsageFault_Handler
                0x0000000008000f30        0x6 ./Core/Src/stm32g4xx_it.o
                0x0000000008000f30                UsageFault_Handler
 .text.SVC_Handler
                0x0000000008000f36        0xe ./Core/Src/stm32g4xx_it.o
                0x0000000008000f36                SVC_Handler
 .text.DebugMon_Handler
                0x0000000008000f44        0xe ./Core/Src/stm32g4xx_it.o
                0x0000000008000f44                DebugMon_Handler
 .text.PendSV_Handler
                0x0000000008000f52        0xe ./Core/Src/stm32g4xx_it.o
                0x0000000008000f52                PendSV_Handler
 .text.SysTick_Handler
                0x0000000008000f60        0xc ./Core/Src/stm32g4xx_it.o
                0x0000000008000f60                SysTick_Handler
 .text.FDCAN1_IT0_IRQHandler
                0x0000000008000f6c       0x14 ./Core/Src/stm32g4xx_it.o
                0x0000000008000f6c                FDCAN1_IT0_IRQHandler
 .text.EXTI15_10_IRQHandler
                0x0000000008000f80       0x10 ./Core/Src/stm32g4xx_it.o
                0x0000000008000f80                EXTI15_10_IRQHandler
 .text.FDCAN2_IT0_IRQHandler
                0x0000000008000f90       0x14 ./Core/Src/stm32g4xx_it.o
                0x0000000008000f90                FDCAN2_IT0_IRQHandler
 .text._read    0x0000000008000fa4       0x3a ./Core/Src/syscalls.o
                0x0000000008000fa4                _read
 .text._write   0x0000000008000fde       0x38 ./Core/Src/syscalls.o
                0x0000000008000fde                _write
 .text._close   0x0000000008001016       0x18 ./Core/Src/syscalls.o
                0x0000000008001016                _close
 .text._fstat   0x000000000800102e       0x20 ./Core/Src/syscalls.o
                0x000000000800102e                _fstat
 .text._isatty  0x000000000800104e       0x16 ./Core/Src/syscalls.o
                0x000000000800104e                _isatty
 .text._lseek   0x0000000008001064       0x1a ./Core/Src/syscalls.o
                0x0000000008001064                _lseek
 *fill*         0x000000000800107e        0x2 
 .text._sbrk    0x0000000008001080       0x6c ./Core/Src/sysmem.o
                0x0000000008001080                _sbrk
 .text.SystemInit
                0x00000000080010ec       0x24 ./Core/Src/system_stm32g4xx.o
                0x00000000080010ec                SystemInit
 .text.Reset_Handler
                0x0000000008001110       0x50 ./Core/Startup/startup_stm32g474retx.o
                0x0000000008001110                Reset_Handler
 .text.Default_Handler
                0x0000000008001160        0x2 ./Core/Startup/startup_stm32g474retx.o
                0x0000000008001160                RTC_Alarm_IRQHandler
                0x0000000008001160                EXTI2_IRQHandler
                0x0000000008001160                TIM8_TRG_COM_IRQHandler
                0x0000000008001160                TIM8_CC_IRQHandler
                0x0000000008001160                HRTIM1_Master_IRQHandler
                0x0000000008001160                SPI4_IRQHandler
                0x0000000008001160                FDCAN3_IT0_IRQHandler
                0x0000000008001160                TIM1_CC_IRQHandler
                0x0000000008001160                HRTIM1_FLT_IRQHandler
                0x0000000008001160                HRTIM1_TIMF_IRQHandler
                0x0000000008001160                USB_HP_IRQHandler
                0x0000000008001160                CORDIC_IRQHandler
                0x0000000008001160                HRTIM1_TIMD_IRQHandler
                0x0000000008001160                DMA2_Channel8_IRQHandler
                0x0000000008001160                EXTI3_IRQHandler
                0x0000000008001160                I2C3_ER_IRQHandler
                0x0000000008001160                EXTI0_IRQHandler
                0x0000000008001160                I2C2_EV_IRQHandler
                0x0000000008001160                FPU_IRQHandler
                0x0000000008001160                FDCAN1_IT1_IRQHandler
                0x0000000008001160                TIM1_UP_TIM16_IRQHandler
                0x0000000008001160                ADC1_2_IRQHandler
                0x0000000008001160                HRTIM1_TIME_IRQHandler
                0x0000000008001160                SPI1_IRQHandler
                0x0000000008001160                TIM6_DAC_IRQHandler
                0x0000000008001160                HRTIM1_TIMC_IRQHandler
                0x0000000008001160                TIM8_UP_IRQHandler
                0x0000000008001160                DMA2_Channel2_IRQHandler
                0x0000000008001160                DMA1_Channel4_IRQHandler
                0x0000000008001160                TIM20_TRG_COM_IRQHandler
                0x0000000008001160                USART3_IRQHandler
                0x0000000008001160                DMA1_Channel7_IRQHandler
                0x0000000008001160                UART5_IRQHandler
                0x0000000008001160                ADC3_IRQHandler
                0x0000000008001160                TIM4_IRQHandler
                0x0000000008001160                DMA2_Channel1_IRQHandler
                0x0000000008001160                QUADSPI_IRQHandler
                0x0000000008001160                I2C1_EV_IRQHandler
                0x0000000008001160                DMA1_Channel6_IRQHandler
                0x0000000008001160                UART4_IRQHandler
                0x0000000008001160                DMA2_Channel4_IRQHandler
                0x0000000008001160                TIM3_IRQHandler
                0x0000000008001160                RCC_IRQHandler
                0x0000000008001160                TIM20_UP_IRQHandler
                0x0000000008001160                DMA1_Channel1_IRQHandler
                0x0000000008001160                Default_Handler
                0x0000000008001160                DMA2_Channel7_IRQHandler
                0x0000000008001160                RTC_TAMP_LSECSS_IRQHandler
                0x0000000008001160                FMAC_IRQHandler
                0x0000000008001160                DMA1_Channel8_IRQHandler
                0x0000000008001160                HRTIM1_TIMA_IRQHandler
                0x0000000008001160                TIM7_DAC_IRQHandler
                0x0000000008001160                FDCAN3_IT1_IRQHandler
                0x0000000008001160                TIM5_IRQHandler
                0x0000000008001160                UCPD1_IRQHandler
                0x0000000008001160                I2C3_EV_IRQHandler
                0x0000000008001160                EXTI9_5_IRQHandler
                0x0000000008001160                RTC_WKUP_IRQHandler
                0x0000000008001160                PVD_PVM_IRQHandler
                0x0000000008001160                SPI2_IRQHandler
                0x0000000008001160                ADC5_IRQHandler
                0x0000000008001160                DMA2_Channel5_IRQHandler
                0x0000000008001160                CRS_IRQHandler
                0x0000000008001160                DMA1_Channel5_IRQHandler
                0x0000000008001160                USB_LP_IRQHandler
                0x0000000008001160                EXTI4_IRQHandler
                0x0000000008001160                RNG_IRQHandler
                0x0000000008001160                HRTIM1_TIMB_IRQHandler
                0x0000000008001160                TIM1_TRG_COM_TIM17_IRQHandler
                0x0000000008001160                FDCAN2_IT1_IRQHandler
                0x0000000008001160                DMA1_Channel3_IRQHandler
                0x0000000008001160                ADC4_IRQHandler
                0x0000000008001160                WWDG_IRQHandler
                0x0000000008001160                I2C4_EV_IRQHandler
                0x0000000008001160                LPUART1_IRQHandler
                0x0000000008001160                DMA2_Channel6_IRQHandler
                0x0000000008001160                TIM2_IRQHandler
                0x0000000008001160                COMP7_IRQHandler
                0x0000000008001160                COMP1_2_3_IRQHandler
                0x0000000008001160                EXTI1_IRQHandler
                0x0000000008001160                USART2_IRQHandler
                0x0000000008001160                COMP4_5_6_IRQHandler
                0x0000000008001160                TIM20_BRK_IRQHandler
                0x0000000008001160                I2C2_ER_IRQHandler
                0x0000000008001160                DMA1_Channel2_IRQHandler
                0x0000000008001160                TIM8_BRK_IRQHandler
                0x0000000008001160                FLASH_IRQHandler
                0x0000000008001160                TIM20_CC_IRQHandler
                0x0000000008001160                USART1_IRQHandler
                0x0000000008001160                SPI3_IRQHandler
                0x0000000008001160                I2C1_ER_IRQHandler
                0x0000000008001160                FMC_IRQHandler
                0x0000000008001160                LPTIM1_IRQHandler
                0x0000000008001160                DMAMUX_OVR_IRQHandler
                0x0000000008001160                I2C4_ER_IRQHandler
                0x0000000008001160                USBWakeUp_IRQHandler
                0x0000000008001160                SAI1_IRQHandler
                0x0000000008001160                DMA2_Channel3_IRQHandler
                0x0000000008001160                TIM1_BRK_TIM15_IRQHandler
 .text.HAL_Init
                0x0000000008001162       0x30 ./Drivers/STM32G4xx_HAL_Driver/Src/stm32g4xx_hal.o
                0x0000000008001162                HAL_Init
 *fill*         0x0000000008001192        0x2 
 .text.HAL_InitTick
                0x0000000008001194       0x74 ./Drivers/STM32G4xx_HAL_Driver/Src/stm32g4xx_hal.o
                0x0000000008001194                HAL_InitTick
 .text.HAL_IncTick
                0x0000000008001208       0x24 ./Drivers/STM32G4xx_HAL_Driver/Src/stm32g4xx_hal.o
                0x0000000008001208                HAL_IncTick
 .text.HAL_GetTick
                0x000000000800122c       0x18 ./Drivers/STM32G4xx_HAL_Driver/Src/stm32g4xx_hal.o
                0x000000000800122c                HAL_GetTick
 .text.HAL_Delay
                0x0000000008001244       0x44 ./Drivers/STM32G4xx_HAL_Driver/Src/stm32g4xx_hal.o
                0x0000000008001244                HAL_Delay
 .text.__NVIC_SetPriorityGrouping
                0x0000000008001288       0x48 ./Drivers/STM32G4xx_HAL_Driver/Src/stm32g4xx_hal_cortex.o
 .text.__NVIC_GetPriorityGrouping
                0x00000000080012d0       0x1c ./Drivers/STM32G4xx_HAL_Driver/Src/stm32g4xx_hal_cortex.o
 .text.__NVIC_EnableIRQ
                0x00000000080012ec       0x3c ./Drivers/STM32G4xx_HAL_Driver/Src/stm32g4xx_hal_cortex.o
 .text.__NVIC_SetPriority
                0x0000000008001328       0x54 ./Drivers/STM32G4xx_HAL_Driver/Src/stm32g4xx_hal_cortex.o
 .text.NVIC_EncodePriority
                0x000000000800137c       0x66 ./Drivers/STM32G4xx_HAL_Driver/Src/stm32g4xx_hal_cortex.o
 *fill*         0x00000000080013e2        0x2 
 .text.SysTick_Config
                0x00000000080013e4       0x44 ./Drivers/STM32G4xx_HAL_Driver/Src/stm32g4xx_hal_cortex.o
 .text.HAL_NVIC_SetPriorityGrouping
                0x0000000008001428       0x16 ./Drivers/STM32G4xx_HAL_Driver/Src/stm32g4xx_hal_cortex.o
                0x0000000008001428                HAL_NVIC_SetPriorityGrouping
 .text.HAL_NVIC_SetPriority
                0x000000000800143e       0x34 ./Drivers/STM32G4xx_HAL_Driver/Src/stm32g4xx_hal_cortex.o
                0x000000000800143e                HAL_NVIC_SetPriority
 .text.HAL_NVIC_EnableIRQ
                0x0000000008001472       0x1c ./Drivers/STM32G4xx_HAL_Driver/Src/stm32g4xx_hal_cortex.o
                0x0000000008001472                HAL_NVIC_EnableIRQ
 .text.HAL_SYSTICK_Config
                0x000000000800148e       0x18 ./Drivers/STM32G4xx_HAL_Driver/Src/stm32g4xx_hal_cortex.o
                0x000000000800148e                HAL_SYSTICK_Config
 *fill*         0x00000000080014a6        0x2 
 .text.HAL_FDCAN_Init
                0x00000000080014a8      0x2b4 ./Drivers/STM32G4xx_HAL_Driver/Src/stm32g4xx_hal_fdcan.o
                0x00000000080014a8                HAL_FDCAN_Init
 .text.HAL_FDCAN_ConfigFilter
                0x000000000800175c       0xb4 ./Drivers/STM32G4xx_HAL_Driver/Src/stm32g4xx_hal_fdcan.o
                0x000000000800175c                HAL_FDCAN_ConfigFilter
 .text.HAL_FDCAN_Start
                0x0000000008001810       0x50 ./Drivers/STM32G4xx_HAL_Driver/Src/stm32g4xx_hal_fdcan.o
                0x0000000008001810                HAL_FDCAN_Start
 .text.HAL_FDCAN_AddMessageToTxFifoQ
                0x0000000008001860       0x88 ./Drivers/STM32G4xx_HAL_Driver/Src/stm32g4xx_hal_fdcan.o
                0x0000000008001860                HAL_FDCAN_AddMessageToTxFifoQ
 .text.HAL_FDCAN_GetRxMessage
                0x00000000080018e8      0x1b4 ./Drivers/STM32G4xx_HAL_Driver/Src/stm32g4xx_hal_fdcan.o
                0x00000000080018e8                HAL_FDCAN_GetRxMessage
 .text.HAL_FDCAN_ActivateNotification
                0x0000000008001a9c      0x1cc ./Drivers/STM32G4xx_HAL_Driver/Src/stm32g4xx_hal_fdcan.o
                0x0000000008001a9c                HAL_FDCAN_ActivateNotification
 .text.HAL_FDCAN_IRQHandler
                0x0000000008001c68      0x272 ./Drivers/STM32G4xx_HAL_Driver/Src/stm32g4xx_hal_fdcan.o
                0x0000000008001c68                HAL_FDCAN_IRQHandler
 .text.HAL_FDCAN_TxEventFifoCallback
                0x0000000008001eda       0x16 ./Drivers/STM32G4xx_HAL_Driver/Src/stm32g4xx_hal_fdcan.o
                0x0000000008001eda                HAL_FDCAN_TxEventFifoCallback
 .text.HAL_FDCAN_TxFifoEmptyCallback
                0x0000000008001ef0       0x14 ./Drivers/STM32G4xx_HAL_Driver/Src/stm32g4xx_hal_fdcan.o
                0x0000000008001ef0                HAL_FDCAN_TxFifoEmptyCallback
 .text.HAL_FDCAN_TxBufferCompleteCallback
                0x0000000008001f04       0x16 ./Drivers/STM32G4xx_HAL_Driver/Src/stm32g4xx_hal_fdcan.o
                0x0000000008001f04                HAL_FDCAN_TxBufferCompleteCallback
 .text.HAL_FDCAN_TxBufferAbortCallback
                0x0000000008001f1a       0x16 ./Drivers/STM32G4xx_HAL_Driver/Src/stm32g4xx_hal_fdcan.o
                0x0000000008001f1a                HAL_FDCAN_TxBufferAbortCallback
 .text.HAL_FDCAN_TimestampWraparoundCallback
                0x0000000008001f30       0x14 ./Drivers/STM32G4xx_HAL_Driver/Src/stm32g4xx_hal_fdcan.o
                0x0000000008001f30                HAL_FDCAN_TimestampWraparoundCallback
 .text.HAL_FDCAN_TimeoutOccurredCallback
                0x0000000008001f44       0x14 ./Drivers/STM32G4xx_HAL_Driver/Src/stm32g4xx_hal_fdcan.o
                0x0000000008001f44                HAL_FDCAN_TimeoutOccurredCallback
 .text.HAL_FDCAN_HighPriorityMessageCallback
                0x0000000008001f58       0x14 ./Drivers/STM32G4xx_HAL_Driver/Src/stm32g4xx_hal_fdcan.o
                0x0000000008001f58                HAL_FDCAN_HighPriorityMessageCallback
 .text.HAL_FDCAN_ErrorCallback
                0x0000000008001f6c       0x14 ./Drivers/STM32G4xx_HAL_Driver/Src/stm32g4xx_hal_fdcan.o
                0x0000000008001f6c                HAL_FDCAN_ErrorCallback
 .text.HAL_FDCAN_ErrorStatusCallback
                0x0000000008001f80       0x16 ./Drivers/STM32G4xx_HAL_Driver/Src/stm32g4xx_hal_fdcan.o
                0x0000000008001f80                HAL_FDCAN_ErrorStatusCallback
 *fill*         0x0000000008001f96        0x2 
 .text.FDCAN_CalcultateRamBlockAddresses
                0x0000000008001f98       0xd8 ./Drivers/STM32G4xx_HAL_Driver/Src/stm32g4xx_hal_fdcan.o
 .text.FDCAN_CopyMessageToRAM
                0x0000000008002070       0xf8 ./Drivers/STM32G4xx_HAL_Driver/Src/stm32g4xx_hal_fdcan.o
 .text.HAL_GPIO_Init
                0x0000000008002168      0x304 ./Drivers/STM32G4xx_HAL_Driver/Src/stm32g4xx_hal_gpio.o
                0x0000000008002168                HAL_GPIO_Init
 .text.HAL_GPIO_WritePin
                0x000000000800246c       0x30 ./Drivers/STM32G4xx_HAL_Driver/Src/stm32g4xx_hal_gpio.o
                0x000000000800246c                HAL_GPIO_WritePin
 .text.HAL_GPIO_EXTI_IRQHandler
                0x000000000800249c       0x30 ./Drivers/STM32G4xx_HAL_Driver/Src/stm32g4xx_hal_gpio.o
                0x000000000800249c                HAL_GPIO_EXTI_IRQHandler
 .text.HAL_GPIO_EXTI_Callback
                0x00000000080024cc       0x16 ./Drivers/STM32G4xx_HAL_Driver/Src/stm32g4xx_hal_gpio.o
                0x00000000080024cc                HAL_GPIO_EXTI_Callback
 *fill*         0x00000000080024e2        0x2 
 .text.HAL_PWREx_ControlVoltageScaling
                0x00000000080024e4      0x148 ./Drivers/STM32G4xx_HAL_Driver/Src/stm32g4xx_hal_pwr_ex.o
                0x00000000080024e4                HAL_PWREx_ControlVoltageScaling
 .text.HAL_PWREx_DisableUCPDDeadBattery
                0x000000000800262c       0x20 ./Drivers/STM32G4xx_HAL_Driver/Src/stm32g4xx_hal_pwr_ex.o
                0x000000000800262c                HAL_PWREx_DisableUCPDDeadBattery
 .text.HAL_RCC_OscConfig
                0x000000000800264c      0x630 ./Drivers/STM32G4xx_HAL_Driver/Src/stm32g4xx_hal_rcc.o
                0x000000000800264c                HAL_RCC_OscConfig
 .text.HAL_RCC_ClockConfig
                0x0000000008002c7c      0x278 ./Drivers/STM32G4xx_HAL_Driver/Src/stm32g4xx_hal_rcc.o
                0x0000000008002c7c                HAL_RCC_ClockConfig
 .text.HAL_RCC_GetSysClockFreq
                0x0000000008002ef4       0xc4 ./Drivers/STM32G4xx_HAL_Driver/Src/stm32g4xx_hal_rcc.o
                0x0000000008002ef4                HAL_RCC_GetSysClockFreq
 .text.HAL_RCC_GetHCLKFreq
                0x0000000008002fb8       0x18 ./Drivers/STM32G4xx_HAL_Driver/Src/stm32g4xx_hal_rcc.o
                0x0000000008002fb8                HAL_RCC_GetHCLKFreq
 .text.HAL_RCC_GetPCLK1Freq
                0x0000000008002fd0       0x2c ./Drivers/STM32G4xx_HAL_Driver/Src/stm32g4xx_hal_rcc.o
                0x0000000008002fd0                HAL_RCC_GetPCLK1Freq
 .text.HAL_RCC_GetPCLK2Freq
                0x0000000008002ffc       0x2c ./Drivers/STM32G4xx_HAL_Driver/Src/stm32g4xx_hal_rcc.o
                0x0000000008002ffc                HAL_RCC_GetPCLK2Freq
 .text.RCC_GetSysClockFreqFromPLLSource
                0x0000000008003028       0x8c ./Drivers/STM32G4xx_HAL_Driver/Src/stm32g4xx_hal_rcc.o
 .text.HAL_RCCEx_PeriphCLKConfig
                0x00000000080030b4      0x49c ./Drivers/STM32G4xx_HAL_Driver/Src/stm32g4xx_hal_rcc_ex.o
                0x00000000080030b4                HAL_RCCEx_PeriphCLKConfig
 .text.HAL_UART_Init
                0x0000000008003550       0xa0 ./Drivers/STM32G4xx_HAL_Driver/Src/stm32g4xx_hal_uart.o
                0x0000000008003550                HAL_UART_Init
 .text.UART_SetConfig
                0x00000000080035f0      0x5f8 ./Drivers/STM32G4xx_HAL_Driver/Src/stm32g4xx_hal_uart.o
                0x00000000080035f0                UART_SetConfig
 .text.UART_AdvFeatureConfig
                0x0000000008003be8      0x144 ./Drivers/STM32G4xx_HAL_Driver/Src/stm32g4xx_hal_uart.o
                0x0000000008003be8                UART_AdvFeatureConfig
 .text.UART_CheckIdleState
                0x0000000008003d2c       0x96 ./Drivers/STM32G4xx_HAL_Driver/Src/stm32g4xx_hal_uart.o
                0x0000000008003d2c                UART_CheckIdleState
 .text.UART_WaitOnFlagUntilTimeout
                0x0000000008003dc2      0x190 ./Drivers/STM32G4xx_HAL_Driver/Src/stm32g4xx_hal_uart.o
                0x0000000008003dc2                UART_WaitOnFlagUntilTimeout
 .text.HAL_UARTEx_DisableFifoMode
                0x0000000008003f52       0x72 ./Drivers/STM32G4xx_HAL_Driver/Src/stm32g4xx_hal_uart_ex.o
                0x0000000008003f52                HAL_UARTEx_DisableFifoMode
 .text.HAL_UARTEx_SetTxFifoThreshold
                0x0000000008003fc4       0x7c ./Drivers/STM32G4xx_HAL_Driver/Src/stm32g4xx_hal_uart_ex.o
                0x0000000008003fc4                HAL_UARTEx_SetTxFifoThreshold
 .text.HAL_UARTEx_SetRxFifoThreshold
                0x0000000008004040       0x7c ./Drivers/STM32G4xx_HAL_Driver/Src/stm32g4xx_hal_uart_ex.o
                0x0000000008004040                HAL_UARTEx_SetRxFifoThreshold
 .text.UARTEx_SetNbDataToProcess
                0x00000000080040bc       0x9c ./Drivers/STM32G4xx_HAL_Driver/Src/stm32g4xx_hal_uart_ex.o
 .text.__errno  0x0000000008004158        0xc /opt/st/stm32cubeide_1.12.0_2/plugins/com.st.stm32cube.ide.mcu.externaltools.gnu-tools-for-stm32.10.3-2021.10.linux64_1.0.200.202301161003/tools/bin/../lib/gcc/arm-none-eabi/10.3.1/../../../../arm-none-eabi/lib/thumb/v7e-m+fp/hard/libc_nano.a(lib_a-errno.o)
                0x0000000008004158                __errno
 .text.__libc_init_array
                0x0000000008004164       0x48 /opt/st/stm32cubeide_1.12.0_2/plugins/com.st.stm32cube.ide.mcu.externaltools.gnu-tools-for-stm32.10.3-2021.10.linux64_1.0.200.202301161003/tools/bin/../lib/gcc/arm-none-eabi/10.3.1/../../../../arm-none-eabi/lib/thumb/v7e-m+fp/hard/libc_nano.a(lib_a-init.o)
                0x0000000008004164                __libc_init_array
 .text.memset   0x00000000080041ac       0x10 /opt/st/stm32cubeide_1.12.0_2/plugins/com.st.stm32cube.ide.mcu.externaltools.gnu-tools-for-stm32.10.3-2021.10.linux64_1.0.200.202301161003/tools/bin/../lib/gcc/arm-none-eabi/10.3.1/../../../../arm-none-eabi/lib/thumb/v7e-m+fp/hard/libc_nano.a(lib_a-memset.o)
                0x00000000080041ac                memset
 .text.printf   0x00000000080041bc       0x30 /opt/st/stm32cubeide_1.12.0_2/plugins/com.st.stm32cube.ide.mcu.externaltools.gnu-tools-for-stm32.10.3-2021.10.linux64_1.0.200.202301161003/tools/bin/../lib/gcc/arm-none-eabi/10.3.1/../../../../arm-none-eabi/lib/thumb/v7e-m+fp/hard/libc_nano.a(lib_a-printf.o)
                0x00000000080041bc                printf
                0x00000000080041bc                iprintf
 .text._puts_r  0x00000000080041ec       0xdc /opt/st/stm32cubeide_1.12.0_2/plugins/com.st.stm32cube.ide.mcu.externaltools.gnu-tools-for-stm32.10.3-2021.10.linux64_1.0.200.202301161003/tools/bin/../lib/gcc/arm-none-eabi/10.3.1/../../../../arm-none-eabi/lib/thumb/v7e-m+fp/hard/libc_nano.a(lib_a-puts.o)
                0x00000000080041ec                _puts_r
 .text.puts     0x00000000080042c8       0x10 /opt/st/stm32cubeide_1.12.0_2/plugins/com.st.stm32cube.ide.mcu.externaltools.gnu-tools-for-stm32.10.3-2021.10.linux64_1.0.200.202301161003/tools/bin/../lib/gcc/arm-none-eabi/10.3.1/../../../../arm-none-eabi/lib/thumb/v7e-m+fp/hard/libc_nano.a(lib_a-puts.o)
                0x00000000080042c8                puts
 .text.__swbuf_r
                0x00000000080042d8       0xa4 /opt/st/stm32cubeide_1.12.0_2/plugins/com.st.stm32cube.ide.mcu.externaltools.gnu-tools-for-stm32.10.3-2021.10.linux64_1.0.200.202301161003/tools/bin/../lib/gcc/arm-none-eabi/10.3.1/../../../../arm-none-eabi/lib/thumb/v7e-m+fp/hard/libc_nano.a(lib_a-wbuf.o)
                0x00000000080042d8                __swbuf_r
 .text.__swsetup_r
                0x000000000800437c       0xdc /opt/st/stm32cubeide_1.12.0_2/plugins/com.st.stm32cube.ide.mcu.externaltools.gnu-tools-for-stm32.10.3-2021.10.linux64_1.0.200.202301161003/tools/bin/../lib/gcc/arm-none-eabi/10.3.1/../../../../arm-none-eabi/lib/thumb/v7e-m+fp/hard/libc_nano.a(lib_a-wsetup.o)
                0x000000000800437c                __swsetup_r
 .text.__sflush_r
                0x0000000008004458      0x10c /opt/st/stm32cubeide_1.12.0_2/plugins/com.st.stm32cube.ide.mcu.externaltools.gnu-tools-for-stm32.10.3-2021.10.linux64_1.0.200.202301161003/tools/bin/../lib/gcc/arm-none-eabi/10.3.1/../../../../arm-none-eabi/lib/thumb/v7e-m+fp/hard/libc_nano.a(lib_a-fflush.o)
                0x0000000008004458                __sflush_r
 .text._fflush_r
                0x0000000008004564       0x78 /opt/st/stm32cubeide_1.12.0_2/plugins/com.st.stm32cube.ide.mcu.externaltools.gnu-tools-for-stm32.10.3-2021.10.linux64_1.0.200.202301161003/tools/bin/../lib/gcc/arm-none-eabi/10.3.1/../../../../arm-none-eabi/lib/thumb/v7e-m+fp/hard/libc_nano.a(lib_a-fflush.o)
                0x0000000008004564                _fflush_r
 .text.std      0x00000000080045dc       0x48 /opt/st/stm32cubeide_1.12.0_2/plugins/com.st.stm32cube.ide.mcu.externaltools.gnu-tools-for-stm32.10.3-2021.10.linux64_1.0.200.202301161003/tools/bin/../lib/gcc/arm-none-eabi/10.3.1/../../../../arm-none-eabi/lib/thumb/v7e-m+fp/hard/libc_nano.a(lib_a-findfp.o)
 .text._cleanup_r
                0x0000000008004624        0xc /opt/st/stm32cubeide_1.12.0_2/plugins/com.st.stm32cube.ide.mcu.externaltools.gnu-tools-for-stm32.10.3-2021.10.linux64_1.0.200.202301161003/tools/bin/../lib/gcc/arm-none-eabi/10.3.1/../../../../arm-none-eabi/lib/thumb/v7e-m+fp/hard/libc_nano.a(lib_a-findfp.o)
                0x0000000008004624                _cleanup_r
 .text.__sfmoreglue
                0x0000000008004630       0x2c /opt/st/stm32cubeide_1.12.0_2/plugins/com.st.stm32cube.ide.mcu.externaltools.gnu-tools-for-stm32.10.3-2021.10.linux64_1.0.200.202301161003/tools/bin/../lib/gcc/arm-none-eabi/10.3.1/../../../../arm-none-eabi/lib/thumb/v7e-m+fp/hard/libc_nano.a(lib_a-findfp.o)
                0x0000000008004630                __sfmoreglue
 .text.__sfp_lock_acquire
                0x000000000800465c        0xc /opt/st/stm32cubeide_1.12.0_2/plugins/com.st.stm32cube.ide.mcu.externaltools.gnu-tools-for-stm32.10.3-2021.10.linux64_1.0.200.202301161003/tools/bin/../lib/gcc/arm-none-eabi/10.3.1/../../../../arm-none-eabi/lib/thumb/v7e-m+fp/hard/libc_nano.a(lib_a-findfp.o)
                0x000000000800465c                __sfp_lock_acquire
 .text.__sfp_lock_release
                0x0000000008004668        0xc /opt/st/stm32cubeide_1.12.0_2/plugins/com.st.stm32cube.ide.mcu.externaltools.gnu-tools-for-stm32.10.3-2021.10.linux64_1.0.200.202301161003/tools/bin/../lib/gcc/arm-none-eabi/10.3.1/../../../../arm-none-eabi/lib/thumb/v7e-m+fp/hard/libc_nano.a(lib_a-findfp.o)
                0x0000000008004668                __sfp_lock_release
 .text.__sinit_lock_acquire
                0x0000000008004674        0xc /opt/st/stm32cubeide_1.12.0_2/plugins/com.st.stm32cube.ide.mcu.externaltools.gnu-tools-for-stm32.10.3-2021.10.linux64_1.0.200.202301161003/tools/bin/../lib/gcc/arm-none-eabi/10.3.1/../../../../arm-none-eabi/lib/thumb/v7e-m+fp/hard/libc_nano.a(lib_a-findfp.o)
                0x0000000008004674                __sinit_lock_acquire
 .text.__sinit_lock_release
                0x0000000008004680        0xc /opt/st/stm32cubeide_1.12.0_2/plugins/com.st.stm32cube.ide.mcu.externaltools.gnu-tools-for-stm32.10.3-2021.10.linux64_1.0.200.202301161003/tools/bin/../lib/gcc/arm-none-eabi/10.3.1/../../../../arm-none-eabi/lib/thumb/v7e-m+fp/hard/libc_nano.a(lib_a-findfp.o)
                0x0000000008004680                __sinit_lock_release
 .text.__sinit  0x000000000800468c       0x70 /opt/st/stm32cubeide_1.12.0_2/plugins/com.st.stm32cube.ide.mcu.externaltools.gnu-tools-for-stm32.10.3-2021.10.linux64_1.0.200.202301161003/tools/bin/../lib/gcc/arm-none-eabi/10.3.1/../../../../arm-none-eabi/lib/thumb/v7e-m+fp/hard/libc_nano.a(lib_a-findfp.o)
                0x000000000800468c                __sinit
 .text.__sfp    0x00000000080046fc       0x8c /opt/st/stm32cubeide_1.12.0_2/plugins/com.st.stm32cube.ide.mcu.externaltools.gnu-tools-for-stm32.10.3-2021.10.linux64_1.0.200.202301161003/tools/bin/../lib/gcc/arm-none-eabi/10.3.1/../../../../arm-none-eabi/lib/thumb/v7e-m+fp/hard/libc_nano.a(lib_a-findfp.o)
                0x00000000080046fc                __sfp
 .text._fwalk_reent
                0x0000000008004788       0x3e /opt/st/stm32cubeide_1.12.0_2/plugins/com.st.stm32cube.ide.mcu.externaltools.gnu-tools-for-stm32.10.3-2021.10.linux64_1.0.200.202301161003/tools/bin/../lib/gcc/arm-none-eabi/10.3.1/../../../../arm-none-eabi/lib/thumb/v7e-m+fp/hard/libc_nano.a(lib_a-fwalk.o)
                0x0000000008004788                _fwalk_reent
 .text.__retarget_lock_init_recursive
                0x00000000080047c6        0x2 /opt/st/stm32cubeide_1.12.0_2/plugins/com.st.stm32cube.ide.mcu.externaltools.gnu-tools-for-stm32.10.3-2021.10.linux64_1.0.200.202301161003/tools/bin/../lib/gcc/arm-none-eabi/10.3.1/../../../../arm-none-eabi/lib/thumb/v7e-m+fp/hard/libc_nano.a(lib_a-lock.o)
                0x00000000080047c6                __retarget_lock_init_recursive
 .text.__retarget_lock_acquire_recursive
                0x00000000080047c8        0x2 /opt/st/stm32cubeide_1.12.0_2/plugins/com.st.stm32cube.ide.mcu.externaltools.gnu-tools-for-stm32.10.3-2021.10.linux64_1.0.200.202301161003/tools/bin/../lib/gcc/arm-none-eabi/10.3.1/../../../../arm-none-eabi/lib/thumb/v7e-m+fp/hard/libc_nano.a(lib_a-lock.o)
                0x00000000080047c8                __retarget_lock_acquire_recursive
 .text.__retarget_lock_release_recursive
                0x00000000080047ca        0x2 /opt/st/stm32cubeide_1.12.0_2/plugins/com.st.stm32cube.ide.mcu.externaltools.gnu-tools-for-stm32.10.3-2021.10.linux64_1.0.200.202301161003/tools/bin/../lib/gcc/arm-none-eabi/10.3.1/../../../../arm-none-eabi/lib/thumb/v7e-m+fp/hard/libc_nano.a(lib_a-lock.o)
                0x00000000080047ca                __retarget_lock_release_recursive
 .text.__swhatbuf_r
                0x00000000080047cc       0x4a /opt/st/stm32cubeide_1.12.0_2/plugins/com.st.stm32cube.ide.mcu.externaltools.gnu-tools-for-stm32.10.3-2021.10.linux64_1.0.200.202301161003/tools/bin/../lib/gcc/arm-none-eabi/10.3.1/../../../../arm-none-eabi/lib/thumb/v7e-m+fp/hard/libc_nano.a(lib_a-makebuf.o)
                0x00000000080047cc                __swhatbuf_r
 *fill*         0x0000000008004816        0x2 
 .text.__smakebuf_r
                0x0000000008004818       0x80 /opt/st/stm32cubeide_1.12.0_2/plugins/com.st.stm32cube.ide.mcu.externaltools.gnu-tools-for-stm32.10.3-2021.10.linux64_1.0.200.202301161003/tools/bin/../lib/gcc/arm-none-eabi/10.3.1/../../../../arm-none-eabi/lib/thumb/v7e-m+fp/hard/libc_nano.a(lib_a-makebuf.o)
                0x0000000008004818                __smakebuf_r
 .text._free_r  0x0000000008004898       0x98 /opt/st/stm32cubeide_1.12.0_2/plugins/com.st.stm32cube.ide.mcu.externaltools.gnu-tools-for-stm32.10.3-2021.10.linux64_1.0.200.202301161003/tools/bin/../lib/gcc/arm-none-eabi/10.3.1/../../../../arm-none-eabi/lib/thumb/v7e-m+fp/hard/libc_nano.a(lib_a-nano-freer.o)
                0x0000000008004898                _free_r
 .text.sbrk_aligned
                0x0000000008004930       0x40 /opt/st/stm32cubeide_1.12.0_2/plugins/com.st.stm32cube.ide.mcu.externaltools.gnu-tools-for-stm32.10.3-2021.10.linux64_1.0.200.202301161003/tools/bin/../lib/gcc/arm-none-eabi/10.3.1/../../../../arm-none-eabi/lib/thumb/v7e-m+fp/hard/libc_nano.a(lib_a-nano-mallocr.o)
 .text._malloc_r
                0x0000000008004970       0xe8 /opt/st/stm32cubeide_1.12.0_2/plugins/com.st.stm32cube.ide.mcu.externaltools.gnu-tools-for-stm32.10.3-2021.10.linux64_1.0.200.202301161003/tools/bin/../lib/gcc/arm-none-eabi/10.3.1/../../../../arm-none-eabi/lib/thumb/v7e-m+fp/hard/libc_nano.a(lib_a-nano-mallocr.o)
                0x0000000008004970                _malloc_r
 .text.__sfputc_r
                0x0000000008004a58       0x2e /opt/st/stm32cubeide_1.12.0_2/plugins/com.st.stm32cube.ide.mcu.externaltools.gnu-tools-for-stm32.10.3-2021.10.linux64_1.0.200.202301161003/tools/bin/../lib/gcc/arm-none-eabi/10.3.1/../../../../arm-none-eabi/lib/thumb/v7e-m+fp/hard/libc_nano.a(lib_a-nano-vfprintf.o)
 .text.__sfputs_r
                0x0000000008004a86       0x24 /opt/st/stm32cubeide_1.12.0_2/plugins/com.st.stm32cube.ide.mcu.externaltools.gnu-tools-for-stm32.10.3-2021.10.linux64_1.0.200.202301161003/tools/bin/../lib/gcc/arm-none-eabi/10.3.1/../../../../arm-none-eabi/lib/thumb/v7e-m+fp/hard/libc_nano.a(lib_a-nano-vfprintf.o)
                0x0000000008004a86                __sfputs_r
 *fill*         0x0000000008004aaa        0x2 
 .text._vfprintf_r
                0x0000000008004aac      0x260 /opt/st/stm32cubeide_1.12.0_2/plugins/com.st.stm32cube.ide.mcu.externaltools.gnu-tools-for-stm32.10.3-2021.10.linux64_1.0.200.202301161003/tools/bin/../lib/gcc/arm-none-eabi/10.3.1/../../../../arm-none-eabi/lib/thumb/v7e-m+fp/hard/libc_nano.a(lib_a-nano-vfprintf.o)
                0x0000000008004aac                _vfiprintf_r
                0x0000000008004aac                _vfprintf_r
 .text._printf_common
                0x0000000008004d0c       0xda /opt/st/stm32cubeide_1.12.0_2/plugins/com.st.stm32cube.ide.mcu.externaltools.gnu-tools-for-stm32.10.3-2021.10.linux64_1.0.200.202301161003/tools/bin/../lib/gcc/arm-none-eabi/10.3.1/../../../../arm-none-eabi/lib/thumb/v7e-m+fp/hard/libc_nano.a(lib_a-nano-vfprintf_i.o)
                0x0000000008004d0c                _printf_common
 *fill*         0x0000000008004de6        0x2 
 .text._printf_i
                0x0000000008004de8      0x24c /opt/st/stm32cubeide_1.12.0_2/plugins/com.st.stm32cube.ide.mcu.externaltools.gnu-tools-for-stm32.10.3-2021.10.linux64_1.0.200.202301161003/tools/bin/../lib/gcc/arm-none-eabi/10.3.1/../../../../arm-none-eabi/lib/thumb/v7e-m+fp/hard/libc_nano.a(lib_a-nano-vfprintf_i.o)
                0x0000000008004de8                _printf_i
 .text._sbrk_r  0x0000000008005034       0x20 /opt/st/stm32cubeide_1.12.0_2/plugins/com.st.stm32cube.ide.mcu.externaltools.gnu-tools-for-stm32.10.3-2021.10.linux64_1.0.200.202301161003/tools/bin/../lib/gcc/arm-none-eabi/10.3.1/../../../../arm-none-eabi/lib/thumb/v7e-m+fp/hard/libc_nano.a(lib_a-sbrkr.o)
                0x0000000008005034                _sbrk_r
 .text.__sread  0x0000000008005054       0x22 /opt/st/stm32cubeide_1.12.0_2/plugins/com.st.stm32cube.ide.mcu.externaltools.gnu-tools-for-stm32.10.3-2021.10.linux64_1.0.200.202301161003/tools/bin/../lib/gcc/arm-none-eabi/10.3.1/../../../../arm-none-eabi/lib/thumb/v7e-m+fp/hard/libc_nano.a(lib_a-stdio.o)
                0x0000000008005054                __sread
 .text.__swrite
                0x0000000008005076       0x38 /opt/st/stm32cubeide_1.12.0_2/plugins/com.st.stm32cube.ide.mcu.externaltools.gnu-tools-for-stm32.10.3-2021.10.linux64_1.0.200.202301161003/tools/bin/../lib/gcc/arm-none-eabi/10.3.1/../../../../arm-none-eabi/lib/thumb/v7e-m+fp/hard/libc_nano.a(lib_a-stdio.o)
                0x0000000008005076                __swrite
 .text.__sseek  0x00000000080050ae       0x24 /opt/st/stm32cubeide_1.12.0_2/plugins/com.st.stm32cube.ide.mcu.externaltools.gnu-tools-for-stm32.10.3-2021.10.linux64_1.0.200.202301161003/tools/bin/../lib/gcc/arm-none-eabi/10.3.1/../../../../arm-none-eabi/lib/thumb/v7e-m+fp/hard/libc_nano.a(lib_a-stdio.o)
                0x00000000080050ae                __sseek
 .text.__sclose
                0x00000000080050d2        0x8 /opt/st/stm32cubeide_1.12.0_2/plugins/com.st.stm32cube.ide.mcu.externaltools.gnu-tools-for-stm32.10.3-2021.10.linux64_1.0.200.202301161003/tools/bin/../lib/gcc/arm-none-eabi/10.3.1/../../../../arm-none-eabi/lib/thumb/v7e-m+fp/hard/libc_nano.a(lib_a-stdio.o)
                0x00000000080050d2                __sclose
 *fill*         0x00000000080050da        0x2 
 .text._write_r
                0x00000000080050dc       0x24 /opt/st/stm32cubeide_1.12.0_2/plugins/com.st.stm32cube.ide.mcu.externaltools.gnu-tools-for-stm32.10.3-2021.10.linux64_1.0.200.202301161003/tools/bin/../lib/gcc/arm-none-eabi/10.3.1/../../../../arm-none-eabi/lib/thumb/v7e-m+fp/hard/libc_nano.a(lib_a-writer.o)
                0x00000000080050dc                _write_r
 .text._close_r
                0x0000000008005100       0x20 /opt/st/stm32cubeide_1.12.0_2/plugins/com.st.stm32cube.ide.mcu.externaltools.gnu-tools-for-stm32.10.3-2021.10.linux64_1.0.200.202301161003/tools/bin/../lib/gcc/arm-none-eabi/10.3.1/../../../../arm-none-eabi/lib/thumb/v7e-m+fp/hard/libc_nano.a(lib_a-closer.o)
                0x0000000008005100                _close_r
 .text._fstat_r
                0x0000000008005120       0x24 /opt/st/stm32cubeide_1.12.0_2/plugins/com.st.stm32cube.ide.mcu.externaltools.gnu-tools-for-stm32.10.3-2021.10.linux64_1.0.200.202301161003/tools/bin/../lib/gcc/arm-none-eabi/10.3.1/../../../../arm-none-eabi/lib/thumb/v7e-m+fp/hard/libc_nano.a(lib_a-fstatr.o)
                0x0000000008005120                _fstat_r
 .text._isatty_r
                0x0000000008005144       0x20 /opt/st/stm32cubeide_1.12.0_2/plugins/com.st.stm32cube.ide.mcu.externaltools.gnu-tools-for-stm32.10.3-2021.10.linux64_1.0.200.202301161003/tools/bin/../lib/gcc/arm-none-eabi/10.3.1/../../../../arm-none-eabi/lib/thumb/v7e-m+fp/hard/libc_nano.a(lib_a-isattyr.o)
                0x0000000008005144                _isatty_r
 .text._lseek_r
                0x0000000008005164       0x24 /opt/st/stm32cubeide_1.12.0_2/plugins/com.st.stm32cube.ide.mcu.externaltools.gnu-tools-for-stm32.10.3-2021.10.linux64_1.0.200.202301161003/tools/bin/../lib/gcc/arm-none-eabi/10.3.1/../../../../arm-none-eabi/lib/thumb/v7e-m+fp/hard/libc_nano.a(lib_a-lseekr.o)
                0x0000000008005164                _lseek_r
 .text.__malloc_lock
                0x0000000008005188        0xc /opt/st/stm32cubeide_1.12.0_2/plugins/com.st.stm32cube.ide.mcu.externaltools.gnu-tools-for-stm32.10.3-2021.10.linux64_1.0.200.202301161003/tools/bin/../lib/gcc/arm-none-eabi/10.3.1/../../../../arm-none-eabi/lib/thumb/v7e-m+fp/hard/libc_nano.a(lib_a-mlock.o)
                0x0000000008005188                __malloc_lock
 .text.__malloc_unlock
                0x0000000008005194        0xc /opt/st/stm32cubeide_1.12.0_2/plugins/com.st.stm32cube.ide.mcu.externaltools.gnu-tools-for-stm32.10.3-2021.10.linux64_1.0.200.202301161003/tools/bin/../lib/gcc/arm-none-eabi/10.3.1/../../../../arm-none-eabi/lib/thumb/v7e-m+fp/hard/libc_nano.a(lib_a-mlock.o)
                0x0000000008005194                __malloc_unlock
 .text._read_r  0x00000000080051a0       0x24 /opt/st/stm32cubeide_1.12.0_2/plugins/com.st.stm32cube.ide.mcu.externaltools.gnu-tools-for-stm32.10.3-2021.10.linux64_1.0.200.202301161003/tools/bin/../lib/gcc/arm-none-eabi/10.3.1/../../../../arm-none-eabi/lib/thumb/v7e-m+fp/hard/libc_nano.a(lib_a-readr.o)
                0x00000000080051a0                _read_r
 *(.glue_7)
 .glue_7        0x00000000080051c4        0x0 linker stubs
 *(.glue_7t)
 .glue_7t       0x00000000080051c4        0x0 linker stubs
 *(.eh_frame)
 .eh_frame      0x00000000080051c4        0x0 /opt/st/stm32cubeide_1.12.0_2/plugins/com.st.stm32cube.ide.mcu.externaltools.gnu-tools-for-stm32.10.3-2021.10.linux64_1.0.200.202301161003/tools/bin/../lib/gcc/arm-none-eabi/10.3.1/thumb/v7e-m+fp/hard/crtbegin.o
 *(.init)
 .init          0x00000000080051c4        0x4 /opt/st/stm32cubeide_1.12.0_2/plugins/com.st.stm32cube.ide.mcu.externaltools.gnu-tools-for-stm32.10.3-2021.10.linux64_1.0.200.202301161003/tools/bin/../lib/gcc/arm-none-eabi/10.3.1/thumb/v7e-m+fp/hard/crti.o
                0x00000000080051c4                _init
 .init          0x00000000080051c8        0x8 /opt/st/stm32cubeide_1.12.0_2/plugins/com.st.stm32cube.ide.mcu.externaltools.gnu-tools-for-stm32.10.3-2021.10.linux64_1.0.200.202301161003/tools/bin/../lib/gcc/arm-none-eabi/10.3.1/thumb/v7e-m+fp/hard/crtn.o
 *(.fini)
 .fini          0x00000000080051d0        0x4 /opt/st/stm32cubeide_1.12.0_2/plugins/com.st.stm32cube.ide.mcu.externaltools.gnu-tools-for-stm32.10.3-2021.10.linux64_1.0.200.202301161003/tools/bin/../lib/gcc/arm-none-eabi/10.3.1/thumb/v7e-m+fp/hard/crti.o
                0x00000000080051d0                _fini
 .fini          0x00000000080051d4        0x8 /opt/st/stm32cubeide_1.12.0_2/plugins/com.st.stm32cube.ide.mcu.externaltools.gnu-tools-for-stm32.10.3-2021.10.linux64_1.0.200.202301161003/tools/bin/../lib/gcc/arm-none-eabi/10.3.1/thumb/v7e-m+fp/hard/crtn.o
                0x00000000080051dc                . = ALIGN (0x4)
                0x00000000080051dc                _etext = .

.vfp11_veneer   0x00000000080051dc        0x0
 .vfp11_veneer  0x00000000080051dc        0x0 linker stubs

.v4_bx          0x00000000080051dc        0x0
 .v4_bx         0x00000000080051dc        0x0 linker stubs

.iplt           0x00000000080051dc        0x0
 .iplt          0x00000000080051dc        0x0 /opt/st/stm32cubeide_1.12.0_2/plugins/com.st.stm32cube.ide.mcu.externaltools.gnu-tools-for-stm32.10.3-2021.10.linux64_1.0.200.202301161003/tools/bin/../lib/gcc/arm-none-eabi/10.3.1/thumb/v7e-m+fp/hard/crtbegin.o

.rodata         0x00000000080051dc      0x154
                0x00000000080051dc                . = ALIGN (0x4)
 *(.rodata)
 .rodata        0x00000000080051dc       0x6c ./Core/Src/main.o
 *(.rodata*)
 .rodata.AHBPrescTable
                0x0000000008005248       0x10 ./Core/Src/system_stm32g4xx.o
                0x0000000008005248                AHBPrescTable
 .rodata.APBPrescTable
                0x0000000008005258        0x8 ./Core/Src/system_stm32g4xx.o
                0x0000000008005258                APBPrescTable
 .rodata.DLCtoBytes
                0x0000000008005260       0x10 ./Drivers/STM32G4xx_HAL_Driver/Src/stm32g4xx_hal_fdcan.o
 .rodata.UARTPrescTable
                0x0000000008005270       0x18 ./Drivers/STM32G4xx_HAL_Driver/Src/stm32g4xx_hal_uart.o
                0x0000000008005270                UARTPrescTable
 .rodata.numerator.1
                0x0000000008005288        0x8 ./Drivers/STM32G4xx_HAL_Driver/Src/stm32g4xx_hal_uart_ex.o
 .rodata.denominator.0
                0x0000000008005290        0x8 ./Drivers/STM32G4xx_HAL_Driver/Src/stm32g4xx_hal_uart_ex.o
 .rodata._global_impure_ptr
                0x0000000008005298        0x4 /opt/st/stm32cubeide_1.12.0_2/plugins/com.st.stm32cube.ide.mcu.externaltools.gnu-tools-for-stm32.10.3-2021.10.linux64_1.0.200.202301161003/tools/bin/../lib/gcc/arm-none-eabi/10.3.1/../../../../arm-none-eabi/lib/thumb/v7e-m+fp/hard/libc_nano.a(lib_a-impure.o)
                0x0000000008005298                _global_impure_ptr
 .rodata.__sf_fake_stderr
                0x000000000800529c       0x20 /opt/st/stm32cubeide_1.12.0_2/plugins/com.st.stm32cube.ide.mcu.externaltools.gnu-tools-for-stm32.10.3-2021.10.linux64_1.0.200.202301161003/tools/bin/../lib/gcc/arm-none-eabi/10.3.1/../../../../arm-none-eabi/lib/thumb/v7e-m+fp/hard/libc_nano.a(lib_a-findfp.o)
                0x000000000800529c                __sf_fake_stderr
 .rodata.__sf_fake_stdin
                0x00000000080052bc       0x20 /opt/st/stm32cubeide_1.12.0_2/plugins/com.st.stm32cube.ide.mcu.externaltools.gnu-tools-for-stm32.10.3-2021.10.linux64_1.0.200.202301161003/tools/bin/../lib/gcc/arm-none-eabi/10.3.1/../../../../arm-none-eabi/lib/thumb/v7e-m+fp/hard/libc_nano.a(lib_a-findfp.o)
                0x00000000080052bc                __sf_fake_stdin
 .rodata.__sf_fake_stdout
                0x00000000080052dc       0x20 /opt/st/stm32cubeide_1.12.0_2/plugins/com.st.stm32cube.ide.mcu.externaltools.gnu-tools-for-stm32.10.3-2021.10.linux64_1.0.200.202301161003/tools/bin/../lib/gcc/arm-none-eabi/10.3.1/../../../../arm-none-eabi/lib/thumb/v7e-m+fp/hard/libc_nano.a(lib_a-findfp.o)
                0x00000000080052dc                __sf_fake_stdout
 .rodata._vfprintf_r.str1.1
                0x00000000080052fc       0x11 /opt/st/stm32cubeide_1.12.0_2/plugins/com.st.stm32cube.ide.mcu.externaltools.gnu-tools-for-stm32.10.3-2021.10.linux64_1.0.200.202301161003/tools/bin/../lib/gcc/arm-none-eabi/10.3.1/../../../../arm-none-eabi/lib/thumb/v7e-m+fp/hard/libc_nano.a(lib_a-nano-vfprintf.o)
 .rodata._printf_i.str1.1
                0x000000000800530d       0x22 /opt/st/stm32cubeide_1.12.0_2/plugins/com.st.stm32cube.ide.mcu.externaltools.gnu-tools-for-stm32.10.3-2021.10.linux64_1.0.200.202301161003/tools/bin/../lib/gcc/arm-none-eabi/10.3.1/../../../../arm-none-eabi/lib/thumb/v7e-m+fp/hard/libc_nano.a(lib_a-nano-vfprintf_i.o)
                0x0000000008005330                . = ALIGN (0x4)
 *fill*         0x000000000800532f        0x1 

.ARM.extab      0x0000000008005330        0x0
                0x0000000008005330                . = ALIGN (0x4)
 *(.ARM.extab* .gnu.linkonce.armextab.*)
                0x0000000008005330                . = ALIGN (0x4)

.ARM            0x0000000008005330        0x8
                0x0000000008005330                . = ALIGN (0x4)
                0x0000000008005330                __exidx_start = .
 *(.ARM.exidx*)
 .ARM.exidx     0x0000000008005330        0x8 /opt/st/stm32cubeide_1.12.0_2/plugins/com.st.stm32cube.ide.mcu.externaltools.gnu-tools-for-stm32.10.3-2021.10.linux64_1.0.200.202301161003/tools/bin/../lib/gcc/arm-none-eabi/10.3.1/thumb/v7e-m+fp/hard/libgcc.a(_udivmoddi4.o)
                0x0000000008005338                __exidx_end = .
                0x0000000008005338                . = ALIGN (0x4)

.rel.dyn        0x0000000008005338        0x0
 .rel.iplt      0x0000000008005338        0x0 /opt/st/stm32cubeide_1.12.0_2/plugins/com.st.stm32cube.ide.mcu.externaltools.gnu-tools-for-stm32.10.3-2021.10.linux64_1.0.200.202301161003/tools/bin/../lib/gcc/arm-none-eabi/10.3.1/thumb/v7e-m+fp/hard/crtbegin.o

.preinit_array  0x0000000008005338        0x0
                0x0000000008005338                . = ALIGN (0x4)
                0x0000000008005338                PROVIDE (__preinit_array_start = .)
 *(.preinit_array*)
                0x0000000008005338                PROVIDE (__preinit_array_end = .)
                0x0000000008005338                . = ALIGN (0x4)

.init_array     0x0000000008005338        0x4
                0x0000000008005338                . = ALIGN (0x4)
                0x0000000008005338                PROVIDE (__init_array_start = .)
 *(SORT_BY_NAME(.init_array.*))
 *(.init_array*)
 .init_array    0x0000000008005338        0x4 /opt/st/stm32cubeide_1.12.0_2/plugins/com.st.stm32cube.ide.mcu.externaltools.gnu-tools-for-stm32.10.3-2021.10.linux64_1.0.200.202301161003/tools/bin/../lib/gcc/arm-none-eabi/10.3.1/thumb/v7e-m+fp/hard/crtbegin.o
                0x000000000800533c                PROVIDE (__init_array_end = .)
                0x000000000800533c                . = ALIGN (0x4)

.fini_array     0x000000000800533c        0x4
                0x000000000800533c                . = ALIGN (0x4)
                [!provide]                        PROVIDE (__fini_array_start = .)
 *(SORT_BY_NAME(.fini_array.*))
 *(.fini_array*)
 .fini_array    0x000000000800533c        0x4 /opt/st/stm32cubeide_1.12.0_2/plugins/com.st.stm32cube.ide.mcu.externaltools.gnu-tools-for-stm32.10.3-2021.10.linux64_1.0.200.202301161003/tools/bin/../lib/gcc/arm-none-eabi/10.3.1/thumb/v7e-m+fp/hard/crtbegin.o
                [!provide]                        PROVIDE (__fini_array_end = .)
                0x0000000008005340                . = ALIGN (0x4)
                0x0000000008005340                _sidata = LOADADDR (.data)

.data           0x0000000020000000       0x74 load address 0x0000000008005340
                0x0000000020000000                . = ALIGN (0x4)
                0x0000000020000000                _sdata = .
 *(.data)
 *(.data*)
 .data.dataLen  0x0000000020000000        0x4 ./Core/Src/main.o
                0x0000000020000000                dataLen
 .data.SystemCoreClock
                0x0000000020000004        0x4 ./Core/Src/system_stm32g4xx.o
                0x0000000020000004                SystemCoreClock
 .data.uwTickPrio
                0x0000000020000008        0x4 ./Drivers/STM32G4xx_HAL_Driver/Src/stm32g4xx_hal.o
                0x0000000020000008                uwTickPrio
 .data.uwTickFreq
                0x000000002000000c        0x4 ./Drivers/STM32G4xx_HAL_Driver/Src/stm32g4xx_hal.o
                0x000000002000000c                uwTickFreq
 .data._impure_ptr
                0x0000000020000010        0x4 /opt/st/stm32cubeide_1.12.0_2/plugins/com.st.stm32cube.ide.mcu.externaltools.gnu-tools-for-stm32.10.3-2021.10.linux64_1.0.200.202301161003/tools/bin/../lib/gcc/arm-none-eabi/10.3.1/../../../../arm-none-eabi/lib/thumb/v7e-m+fp/hard/libc_nano.a(lib_a-impure.o)
                0x0000000020000010                _impure_ptr
 .data.impure_data
                0x0000000020000014       0x60 /opt/st/stm32cubeide_1.12.0_2/plugins/com.st.stm32cube.ide.mcu.externaltools.gnu-tools-for-stm32.10.3-2021.10.linux64_1.0.200.202301161003/tools/bin/../lib/gcc/arm-none-eabi/10.3.1/../../../../arm-none-eabi/lib/thumb/v7e-m+fp/hard/libc_nano.a(lib_a-impure.o)
 *(.RamFunc)
 *(.RamFunc*)
                0x0000000020000074                . = ALIGN (0x4)
                0x0000000020000074                _edata = .

.igot.plt       0x0000000020000074        0x0 load address 0x00000000080053b4
 .igot.plt      0x0000000020000074        0x0 /opt/st/stm32cubeide_1.12.0_2/plugins/com.st.stm32cube.ide.mcu.externaltools.gnu-tools-for-stm32.10.3-2021.10.linux64_1.0.200.202301161003/tools/bin/../lib/gcc/arm-none-eabi/10.3.1/thumb/v7e-m+fp/hard/crtbegin.o
                0x0000000020000074                . = ALIGN (0x4)

.bss            0x0000000020000074      0x328 load address 0x00000000080053b4
                0x0000000020000074                _sbss = .
                0x0000000020000074                __bss_start__ = _sbss
 *(.bss)
 .bss           0x0000000020000074       0x1c /opt/st/stm32cubeide_1.12.0_2/plugins/com.st.stm32cube.ide.mcu.externaltools.gnu-tools-for-stm32.10.3-2021.10.linux64_1.0.200.202301161003/tools/bin/../lib/gcc/arm-none-eabi/10.3.1/thumb/v7e-m+fp/hard/crtbegin.o
 *(.bss*)
 .bss.hfdcan1   0x0000000020000090       0x64 ./Core/Src/main.o
                0x0000000020000090                hfdcan1
 .bss.hfdcan2   0x00000000200000f4       0x64 ./Core/Src/main.o
                0x00000000200000f4                hfdcan2
 .bss.hlpuart1  0x0000000020000158       0x90 ./Core/Src/main.o
                0x0000000020000158                hlpuart1
 .bss.fdcan1TxHeader
                0x00000000200001e8       0x24 ./Core/Src/main.o
                0x00000000200001e8                fdcan1TxHeader
 .bss.fdcan1RxHeader
                0x000000002000020c       0x28 ./Core/Src/main.o
                0x000000002000020c                fdcan1RxHeader
 .bss.fdcan1TxData
                0x0000000020000234       0x40 ./Core/Src/main.o
                0x0000000020000234                fdcan1TxData
 .bss.fdcan1RxData
                0x0000000020000274       0x40 ./Core/Src/main.o
                0x0000000020000274                fdcan1RxData
 .bss.fdcan2TxHeader
                0x00000000200002b4       0x24 ./Core/Src/main.o
                0x00000000200002b4                fdcan2TxHeader
 .bss.fdcan2RxHeader
                0x00000000200002d8       0x28 ./Core/Src/main.o
                0x00000000200002d8                fdcan2RxHeader
 .bss.fdcan2TxData
                0x0000000020000300       0x40 ./Core/Src/main.o
                0x0000000020000300                fdcan2TxData
 .bss.fdcan2RxData
                0x0000000020000340       0x40 ./Core/Src/main.o
                0x0000000020000340                fdcan2RxData
 .bss.HAL_RCC_FDCAN_CLK_ENABLED
                0x0000000020000380        0x4 ./Core/Src/stm32g4xx_hal_msp.o
 .bss.__sbrk_heap_end
                0x0000000020000384        0x4 ./Core/Src/sysmem.o
 .bss.uwTick    0x0000000020000388        0x4 ./Drivers/STM32G4xx_HAL_Driver/Src/stm32g4xx_hal.o
                0x0000000020000388                uwTick
 .bss.__lock___malloc_recursive_mutex
                0x000000002000038c        0x1 /opt/st/stm32cubeide_1.12.0_2/plugins/com.st.stm32cube.ide.mcu.externaltools.gnu-tools-for-stm32.10.3-2021.10.linux64_1.0.200.202301161003/tools/bin/../lib/gcc/arm-none-eabi/10.3.1/../../../../arm-none-eabi/lib/thumb/v7e-m+fp/hard/libc_nano.a(lib_a-lock.o)
                0x000000002000038c                __lock___malloc_recursive_mutex
 .bss.__lock___sfp_recursive_mutex
                0x000000002000038d        0x1 /opt/st/stm32cubeide_1.12.0_2/plugins/com.st.stm32cube.ide.mcu.externaltools.gnu-tools-for-stm32.10.3-2021.10.linux64_1.0.200.202301161003/tools/bin/../lib/gcc/arm-none-eabi/10.3.1/../../../../arm-none-eabi/lib/thumb/v7e-m+fp/hard/libc_nano.a(lib_a-lock.o)
                0x000000002000038d                __lock___sfp_recursive_mutex
 .bss.__lock___sinit_recursive_mutex
                0x000000002000038e        0x1 /opt/st/stm32cubeide_1.12.0_2/plugins/com.st.stm32cube.ide.mcu.externaltools.gnu-tools-for-stm32.10.3-2021.10.linux64_1.0.200.202301161003/tools/bin/../lib/gcc/arm-none-eabi/10.3.1/../../../../arm-none-eabi/lib/thumb/v7e-m+fp/hard/libc_nano.a(lib_a-lock.o)
                0x000000002000038e                __lock___sinit_recursive_mutex
 *fill*         0x000000002000038f        0x1 
 .bss.__malloc_free_list
                0x0000000020000390        0x4 /opt/st/stm32cubeide_1.12.0_2/plugins/com.st.stm32cube.ide.mcu.externaltools.gnu-tools-for-stm32.10.3-2021.10.linux64_1.0.200.202301161003/tools/bin/../lib/gcc/arm-none-eabi/10.3.1/../../../../arm-none-eabi/lib/thumb/v7e-m+fp/hard/libc_nano.a(lib_a-nano-mallocr.o)
                0x0000000020000390                __malloc_free_list
 .bss.__malloc_sbrk_start
                0x0000000020000394        0x4 /opt/st/stm32cubeide_1.12.0_2/plugins/com.st.stm32cube.ide.mcu.externaltools.gnu-tools-for-stm32.10.3-2021.10.linux64_1.0.200.202301161003/tools/bin/../lib/gcc/arm-none-eabi/10.3.1/../../../../arm-none-eabi/lib/thumb/v7e-m+fp/hard/libc_nano.a(lib_a-nano-mallocr.o)
                0x0000000020000394                __malloc_sbrk_start
 .bss.errno     0x0000000020000398        0x4 /opt/st/stm32cubeide_1.12.0_2/plugins/com.st.stm32cube.ide.mcu.externaltools.gnu-tools-for-stm32.10.3-2021.10.linux64_1.0.200.202301161003/tools/bin/../lib/gcc/arm-none-eabi/10.3.1/../../../../arm-none-eabi/lib/thumb/v7e-m+fp/hard/libc_nano.a(lib_a-reent.o)
                0x0000000020000398                errno
 *(COMMON)
                0x000000002000039c                . = ALIGN (0x4)
                0x000000002000039c                _ebss = .
                0x000000002000039c                __bss_end__ = _ebss

._user_heap_stack
                0x000000002000039c      0x604 load address 0x00000000080053b4
                0x00000000200003a0                . = ALIGN (0x8)
 *fill*         0x000000002000039c        0x4 
                [!provide]                        PROVIDE (end = .)
                0x00000000200003a0                PROVIDE (_end = .)
                0x00000000200005a0                . = (. + _Min_Heap_Size)
 *fill*         0x00000000200003a0      0x200 
                0x00000000200009a0                . = (. + _Min_Stack_Size)
 *fill*         0x00000000200005a0      0x400 
                0x00000000200009a0                . = ALIGN (0x8)

/DISCARD/
 libc.a(*)
 libm.a(*)
 libgcc.a(*)

.ARM.attributes
                0x0000000000000000       0x30
 *(.ARM.attributes)
 .ARM.attributes
                0x0000000000000000       0x1e /opt/st/stm32cubeide_1.12.0_2/plugins/com.st.stm32cube.ide.mcu.externaltools.gnu-tools-for-stm32.10.3-2021.10.linux64_1.0.200.202301161003/tools/bin/../lib/gcc/arm-none-eabi/10.3.1/thumb/v7e-m+fp/hard/crti.o
 .ARM.attributes
                0x000000000000001e       0x34 /opt/st/stm32cubeide_1.12.0_2/plugins/com.st.stm32cube.ide.mcu.externaltools.gnu-tools-for-stm32.10.3-2021.10.linux64_1.0.200.202301161003/tools/bin/../lib/gcc/arm-none-eabi/10.3.1/thumb/v7e-m+fp/hard/crtbegin.o
 .ARM.attributes
                0x0000000000000052       0x34 ./Core/Src/main.o
 .ARM.attributes
                0x0000000000000086       0x34 ./Core/Src/stm32g4xx_hal_msp.o
 .ARM.attributes
                0x00000000000000ba       0x34 ./Core/Src/stm32g4xx_it.o
 .ARM.attributes
                0x00000000000000ee       0x34 ./Core/Src/syscalls.o
 .ARM.attributes
                0x0000000000000122       0x34 ./Core/Src/sysmem.o
 .ARM.attributes
                0x0000000000000156       0x34 ./Core/Src/system_stm32g4xx.o
 .ARM.attributes
                0x000000000000018a       0x21 ./Core/Startup/startup_stm32g474retx.o
 .ARM.attributes
                0x00000000000001ab       0x34 ./Drivers/STM32G4xx_HAL_Driver/Src/stm32g4xx_hal.o
 .ARM.attributes
                0x00000000000001df       0x34 ./Drivers/STM32G4xx_HAL_Driver/Src/stm32g4xx_hal_cortex.o
 .ARM.attributes
                0x0000000000000213       0x34 ./Drivers/STM32G4xx_HAL_Driver/Src/stm32g4xx_hal_fdcan.o
 .ARM.attributes
                0x0000000000000247       0x34 ./Drivers/STM32G4xx_HAL_Driver/Src/stm32g4xx_hal_gpio.o
 .ARM.attributes
                0x000000000000027b       0x34 ./Drivers/STM32G4xx_HAL_Driver/Src/stm32g4xx_hal_pwr_ex.o
 .ARM.attributes
                0x00000000000002af       0x34 ./Drivers/STM32G4xx_HAL_Driver/Src/stm32g4xx_hal_rcc.o
 .ARM.attributes
                0x00000000000002e3       0x34 ./Drivers/STM32G4xx_HAL_Driver/Src/stm32g4xx_hal_rcc_ex.o
 .ARM.attributes
                0x0000000000000317       0x34 ./Drivers/STM32G4xx_HAL_Driver/Src/stm32g4xx_hal_uart.o
 .ARM.attributes
                0x000000000000034b       0x34 ./Drivers/STM32G4xx_HAL_Driver/Src/stm32g4xx_hal_uart_ex.o
 .ARM.attributes
                0x000000000000037f       0x34 /opt/st/stm32cubeide_1.12.0_2/plugins/com.st.stm32cube.ide.mcu.externaltools.gnu-tools-for-stm32.10.3-2021.10.linux64_1.0.200.202301161003/tools/bin/../lib/gcc/arm-none-eabi/10.3.1/../../../../arm-none-eabi/lib/thumb/v7e-m+fp/hard/libc_nano.a(lib_a-errno.o)
 .ARM.attributes
                0x00000000000003b3       0x34 /opt/st/stm32cubeide_1.12.0_2/plugins/com.st.stm32cube.ide.mcu.externaltools.gnu-tools-for-stm32.10.3-2021.10.linux64_1.0.200.202301161003/tools/bin/../lib/gcc/arm-none-eabi/10.3.1/../../../../arm-none-eabi/lib/thumb/v7e-m+fp/hard/libc_nano.a(lib_a-impure.o)
 .ARM.attributes
                0x00000000000003e7       0x34 /opt/st/stm32cubeide_1.12.0_2/plugins/com.st.stm32cube.ide.mcu.externaltools.gnu-tools-for-stm32.10.3-2021.10.linux64_1.0.200.202301161003/tools/bin/../lib/gcc/arm-none-eabi/10.3.1/../../../../arm-none-eabi/lib/thumb/v7e-m+fp/hard/libc_nano.a(lib_a-init.o)
 .ARM.attributes
                0x000000000000041b       0x34 /opt/st/stm32cubeide_1.12.0_2/plugins/com.st.stm32cube.ide.mcu.externaltools.gnu-tools-for-stm32.10.3-2021.10.linux64_1.0.200.202301161003/tools/bin/../lib/gcc/arm-none-eabi/10.3.1/../../../../arm-none-eabi/lib/thumb/v7e-m+fp/hard/libc_nano.a(lib_a-memset.o)
 .ARM.attributes
                0x000000000000044f       0x34 /opt/st/stm32cubeide_1.12.0_2/plugins/com.st.stm32cube.ide.mcu.externaltools.gnu-tools-for-stm32.10.3-2021.10.linux64_1.0.200.202301161003/tools/bin/../lib/gcc/arm-none-eabi/10.3.1/../../../../arm-none-eabi/lib/thumb/v7e-m+fp/hard/libc_nano.a(lib_a-printf.o)
 .ARM.attributes
                0x0000000000000483       0x34 /opt/st/stm32cubeide_1.12.0_2/plugins/com.st.stm32cube.ide.mcu.externaltools.gnu-tools-for-stm32.10.3-2021.10.linux64_1.0.200.202301161003/tools/bin/../lib/gcc/arm-none-eabi/10.3.1/../../../../arm-none-eabi/lib/thumb/v7e-m+fp/hard/libc_nano.a(lib_a-puts.o)
 .ARM.attributes
                0x00000000000004b7       0x34 /opt/st/stm32cubeide_1.12.0_2/plugins/com.st.stm32cube.ide.mcu.externaltools.gnu-tools-for-stm32.10.3-2021.10.linux64_1.0.200.202301161003/tools/bin/../lib/gcc/arm-none-eabi/10.3.1/../../../../arm-none-eabi/lib/thumb/v7e-m+fp/hard/libc_nano.a(lib_a-wbuf.o)
 .ARM.attributes
                0x00000000000004eb       0x34 /opt/st/stm32cubeide_1.12.0_2/plugins/com.st.stm32cube.ide.mcu.externaltools.gnu-tools-for-stm32.10.3-2021.10.linux64_1.0.200.202301161003/tools/bin/../lib/gcc/arm-none-eabi/10.3.1/../../../../arm-none-eabi/lib/thumb/v7e-m+fp/hard/libc_nano.a(lib_a-wsetup.o)
 .ARM.attributes
                0x000000000000051f       0x34 /opt/st/stm32cubeide_1.12.0_2/plugins/com.st.stm32cube.ide.mcu.externaltools.gnu-tools-for-stm32.10.3-2021.10.linux64_1.0.200.202301161003/tools/bin/../lib/gcc/arm-none-eabi/10.3.1/../../../../arm-none-eabi/lib/thumb/v7e-m+fp/hard/libc_nano.a(lib_a-fflush.o)
 .ARM.attributes
                0x0000000000000553       0x34 /opt/st/stm32cubeide_1.12.0_2/plugins/com.st.stm32cube.ide.mcu.externaltools.gnu-tools-for-stm32.10.3-2021.10.linux64_1.0.200.202301161003/tools/bin/../lib/gcc/arm-none-eabi/10.3.1/../../../../arm-none-eabi/lib/thumb/v7e-m+fp/hard/libc_nano.a(lib_a-findfp.o)
 .ARM.attributes
                0x0000000000000587       0x34 /opt/st/stm32cubeide_1.12.0_2/plugins/com.st.stm32cube.ide.mcu.externaltools.gnu-tools-for-stm32.10.3-2021.10.linux64_1.0.200.202301161003/tools/bin/../lib/gcc/arm-none-eabi/10.3.1/../../../../arm-none-eabi/lib/thumb/v7e-m+fp/hard/libc_nano.a(lib_a-fwalk.o)
 .ARM.attributes
                0x00000000000005bb       0x34 /opt/st/stm32cubeide_1.12.0_2/plugins/com.st.stm32cube.ide.mcu.externaltools.gnu-tools-for-stm32.10.3-2021.10.linux64_1.0.200.202301161003/tools/bin/../lib/gcc/arm-none-eabi/10.3.1/../../../../arm-none-eabi/lib/thumb/v7e-m+fp/hard/libc_nano.a(lib_a-lock.o)
 .ARM.attributes
                0x00000000000005ef       0x34 /opt/st/stm32cubeide_1.12.0_2/plugins/com.st.stm32cube.ide.mcu.externaltools.gnu-tools-for-stm32.10.3-2021.10.linux64_1.0.200.202301161003/tools/bin/../lib/gcc/arm-none-eabi/10.3.1/../../../../arm-none-eabi/lib/thumb/v7e-m+fp/hard/libc_nano.a(lib_a-makebuf.o)
 .ARM.attributes
                0x0000000000000623       0x34 /opt/st/stm32cubeide_1.12.0_2/plugins/com.st.stm32cube.ide.mcu.externaltools.gnu-tools-for-stm32.10.3-2021.10.linux64_1.0.200.202301161003/tools/bin/../lib/gcc/arm-none-eabi/10.3.1/../../../../arm-none-eabi/lib/thumb/v7e-m+fp/hard/libc_nano.a(lib_a-nano-freer.o)
 .ARM.attributes
                0x0000000000000657       0x34 /opt/st/stm32cubeide_1.12.0_2/plugins/com.st.stm32cube.ide.mcu.externaltools.gnu-tools-for-stm32.10.3-2021.10.linux64_1.0.200.202301161003/tools/bin/../lib/gcc/arm-none-eabi/10.3.1/../../../../arm-none-eabi/lib/thumb/v7e-m+fp/hard/libc_nano.a(lib_a-nano-mallocr.o)
 .ARM.attributes
                0x000000000000068b       0x34 /opt/st/stm32cubeide_1.12.0_2/plugins/com.st.stm32cube.ide.mcu.externaltools.gnu-tools-for-stm32.10.3-2021.10.linux64_1.0.200.202301161003/tools/bin/../lib/gcc/arm-none-eabi/10.3.1/../../../../arm-none-eabi/lib/thumb/v7e-m+fp/hard/libc_nano.a(lib_a-nano-vfprintf.o)
 .ARM.attributes
                0x00000000000006bf       0x34 /opt/st/stm32cubeide_1.12.0_2/plugins/com.st.stm32cube.ide.mcu.externaltools.gnu-tools-for-stm32.10.3-2021.10.linux64_1.0.200.202301161003/tools/bin/../lib/gcc/arm-none-eabi/10.3.1/../../../../arm-none-eabi/lib/thumb/v7e-m+fp/hard/libc_nano.a(lib_a-nano-vfprintf_i.o)
 .ARM.attributes
                0x00000000000006f3       0x34 /opt/st/stm32cubeide_1.12.0_2/plugins/com.st.stm32cube.ide.mcu.externaltools.gnu-tools-for-stm32.10.3-2021.10.linux64_1.0.200.202301161003/tools/bin/../lib/gcc/arm-none-eabi/10.3.1/../../../../arm-none-eabi/lib/thumb/v7e-m+fp/hard/libc_nano.a(lib_a-sbrkr.o)
 .ARM.attributes
                0x0000000000000727       0x34 /opt/st/stm32cubeide_1.12.0_2/plugins/com.st.stm32cube.ide.mcu.externaltools.gnu-tools-for-stm32.10.3-2021.10.linux64_1.0.200.202301161003/tools/bin/../lib/gcc/arm-none-eabi/10.3.1/../../../../arm-none-eabi/lib/thumb/v7e-m+fp/hard/libc_nano.a(lib_a-stdio.o)
 .ARM.attributes
                0x000000000000075b       0x34 /opt/st/stm32cubeide_1.12.0_2/plugins/com.st.stm32cube.ide.mcu.externaltools.gnu-tools-for-stm32.10.3-2021.10.linux64_1.0.200.202301161003/tools/bin/../lib/gcc/arm-none-eabi/10.3.1/../../../../arm-none-eabi/lib/thumb/v7e-m+fp/hard/libc_nano.a(lib_a-writer.o)
 .ARM.attributes
                0x000000000000078f       0x34 /opt/st/stm32cubeide_1.12.0_2/plugins/com.st.stm32cube.ide.mcu.externaltools.gnu-tools-for-stm32.10.3-2021.10.linux64_1.0.200.202301161003/tools/bin/../lib/gcc/arm-none-eabi/10.3.1/../../../../arm-none-eabi/lib/thumb/v7e-m+fp/hard/libc_nano.a(lib_a-closer.o)
 .ARM.attributes
                0x00000000000007c3       0x34 /opt/st/stm32cubeide_1.12.0_2/plugins/com.st.stm32cube.ide.mcu.externaltools.gnu-tools-for-stm32.10.3-2021.10.linux64_1.0.200.202301161003/tools/bin/../lib/gcc/arm-none-eabi/10.3.1/../../../../arm-none-eabi/lib/thumb/v7e-m+fp/hard/libc_nano.a(lib_a-fstatr.o)
 .ARM.attributes
                0x00000000000007f7       0x34 /opt/st/stm32cubeide_1.12.0_2/plugins/com.st.stm32cube.ide.mcu.externaltools.gnu-tools-for-stm32.10.3-2021.10.linux64_1.0.200.202301161003/tools/bin/../lib/gcc/arm-none-eabi/10.3.1/../../../../arm-none-eabi/lib/thumb/v7e-m+fp/hard/libc_nano.a(lib_a-isattyr.o)
 .ARM.attributes
                0x000000000000082b       0x34 /opt/st/stm32cubeide_1.12.0_2/plugins/com.st.stm32cube.ide.mcu.externaltools.gnu-tools-for-stm32.10.3-2021.10.linux64_1.0.200.202301161003/tools/bin/../lib/gcc/arm-none-eabi/10.3.1/../../../../arm-none-eabi/lib/thumb/v7e-m+fp/hard/libc_nano.a(lib_a-lseekr.o)
 .ARM.attributes
                0x000000000000085f       0x1c /opt/st/stm32cubeide_1.12.0_2/plugins/com.st.stm32cube.ide.mcu.externaltools.gnu-tools-for-stm32.10.3-2021.10.linux64_1.0.200.202301161003/tools/bin/../lib/gcc/arm-none-eabi/10.3.1/../../../../arm-none-eabi/lib/thumb/v7e-m+fp/hard/libc_nano.a(lib_a-memchr.o)
 .ARM.attributes
                0x000000000000087b       0x34 /opt/st/stm32cubeide_1.12.0_2/plugins/com.st.stm32cube.ide.mcu.externaltools.gnu-tools-for-stm32.10.3-2021.10.linux64_1.0.200.202301161003/tools/bin/../lib/gcc/arm-none-eabi/10.3.1/../../../../arm-none-eabi/lib/thumb/v7e-m+fp/hard/libc_nano.a(lib_a-mlock.o)
 .ARM.attributes
                0x00000000000008af       0x34 /opt/st/stm32cubeide_1.12.0_2/plugins/com.st.stm32cube.ide.mcu.externaltools.gnu-tools-for-stm32.10.3-2021.10.linux64_1.0.200.202301161003/tools/bin/../lib/gcc/arm-none-eabi/10.3.1/../../../../arm-none-eabi/lib/thumb/v7e-m+fp/hard/libc_nano.a(lib_a-readr.o)
 .ARM.attributes
                0x00000000000008e3       0x34 /opt/st/stm32cubeide_1.12.0_2/plugins/com.st.stm32cube.ide.mcu.externaltools.gnu-tools-for-stm32.10.3-2021.10.linux64_1.0.200.202301161003/tools/bin/../lib/gcc/arm-none-eabi/10.3.1/../../../../arm-none-eabi/lib/thumb/v7e-m+fp/hard/libc_nano.a(lib_a-reent.o)
 .ARM.attributes
                0x0000000000000917       0x1e /opt/st/stm32cubeide_1.12.0_2/plugins/com.st.stm32cube.ide.mcu.externaltools.gnu-tools-for-stm32.10.3-2021.10.linux64_1.0.200.202301161003/tools/bin/../lib/gcc/arm-none-eabi/10.3.1/thumb/v7e-m+fp/hard/libgcc.a(_aeabi_uldivmod.o)
 .ARM.attributes
                0x0000000000000935       0x34 /opt/st/stm32cubeide_1.12.0_2/plugins/com.st.stm32cube.ide.mcu.externaltools.gnu-tools-for-stm32.10.3-2021.10.linux64_1.0.200.202301161003/tools/bin/../lib/gcc/arm-none-eabi/10.3.1/thumb/v7e-m+fp/hard/libgcc.a(_udivmoddi4.o)
 .ARM.attributes
                0x0000000000000969       0x1e /opt/st/stm32cubeide_1.12.0_2/plugins/com.st.stm32cube.ide.mcu.externaltools.gnu-tools-for-stm32.10.3-2021.10.linux64_1.0.200.202301161003/tools/bin/../lib/gcc/arm-none-eabi/10.3.1/thumb/v7e-m+fp/hard/libgcc.a(_dvmd_tls.o)
 .ARM.attributes
                0x0000000000000987       0x1e /opt/st/stm32cubeide_1.12.0_2/plugins/com.st.stm32cube.ide.mcu.externaltools.gnu-tools-for-stm32.10.3-2021.10.linux64_1.0.200.202301161003/tools/bin/../lib/gcc/arm-none-eabi/10.3.1/thumb/v7e-m+fp/hard/crtn.o
OUTPUT(fdcan-test.elf elf32-littlearm)
LOAD linker stubs
LOAD /opt/st/stm32cubeide_1.12.0_2/plugins/com.st.stm32cube.ide.mcu.externaltools.gnu-tools-for-stm32.10.3-2021.10.linux64_1.0.200.202301161003/tools/bin/../lib/gcc/arm-none-eabi/10.3.1/../../../../arm-none-eabi/lib/thumb/v7e-m+fp/hard/libc.a
LOAD /opt/st/stm32cubeide_1.12.0_2/plugins/com.st.stm32cube.ide.mcu.externaltools.gnu-tools-for-stm32.10.3-2021.10.linux64_1.0.200.202301161003/tools/bin/../lib/gcc/arm-none-eabi/10.3.1/../../../../arm-none-eabi/lib/thumb/v7e-m+fp/hard/libm.a
LOAD /opt/st/stm32cubeide_1.12.0_2/plugins/com.st.stm32cube.ide.mcu.externaltools.gnu-tools-for-stm32.10.3-2021.10.linux64_1.0.200.202301161003/tools/bin/../lib/gcc/arm-none-eabi/10.3.1/thumb/v7e-m+fp/hard/libgcc.a

.debug_info     0x0000000000000000    0x10136
 .debug_info    0x0000000000000000     0x1d84 ./Core/Src/main.o
 .debug_info    0x0000000000001d84     0x164b ./Core/Src/stm32g4xx_hal_msp.o
 .debug_info    0x00000000000033cf      0x6b5 ./Core/Src/stm32g4xx_it.o
 .debug_info    0x0000000000003a84      0x6e0 ./Core/Src/syscalls.o
 .debug_info    0x0000000000004164      0x171 ./Core/Src/sysmem.o
 .debug_info    0x00000000000042d5      0x59f ./Core/Src/system_stm32g4xx.o
 .debug_info    0x0000000000004874       0x22 ./Core/Startup/startup_stm32g474retx.o
 .debug_info    0x0000000000004896      0xb9d ./Drivers/STM32G4xx_HAL_Driver/Src/stm32g4xx_hal.o
 .debug_info    0x0000000000005433      0xe7e ./Drivers/STM32G4xx_HAL_Driver/Src/stm32g4xx_hal_cortex.o
 .debug_info    0x00000000000062b1     0x1983 ./Drivers/STM32G4xx_HAL_Driver/Src/stm32g4xx_hal_fdcan.o
 .debug_info    0x0000000000007c34      0x82f ./Drivers/STM32G4xx_HAL_Driver/Src/stm32g4xx_hal_gpio.o
 .debug_info    0x0000000000008463      0x983 ./Drivers/STM32G4xx_HAL_Driver/Src/stm32g4xx_hal_pwr_ex.o
 .debug_info    0x0000000000008de6      0xcb7 ./Drivers/STM32G4xx_HAL_Driver/Src/stm32g4xx_hal_rcc.o
 .debug_info    0x0000000000009a9d      0xd32 ./Drivers/STM32G4xx_HAL_Driver/Src/stm32g4xx_hal_rcc_ex.o
 .debug_info    0x000000000000a7cf     0x4936 ./Drivers/STM32G4xx_HAL_Driver/Src/stm32g4xx_hal_uart.o
 .debug_info    0x000000000000f105     0x1031 ./Drivers/STM32G4xx_HAL_Driver/Src/stm32g4xx_hal_uart_ex.o

.debug_abbrev   0x0000000000000000     0x2017
 .debug_abbrev  0x0000000000000000      0x334 ./Core/Src/main.o
 .debug_abbrev  0x0000000000000334      0x21f ./Core/Src/stm32g4xx_hal_msp.o
 .debug_abbrev  0x0000000000000553      0x150 ./Core/Src/stm32g4xx_it.o
 .debug_abbrev  0x00000000000006a3      0x1b3 ./Core/Src/syscalls.o
 .debug_abbrev  0x0000000000000856       0xbb ./Core/Src/sysmem.o
 .debug_abbrev  0x0000000000000911      0x116 ./Core/Src/system_stm32g4xx.o
 .debug_abbrev  0x0000000000000a27       0x12 ./Core/Startup/startup_stm32g474retx.o
 .debug_abbrev  0x0000000000000a39      0x269 ./Drivers/STM32G4xx_HAL_Driver/Src/stm32g4xx_hal.o
 .debug_abbrev  0x0000000000000ca2      0x30d ./Drivers/STM32G4xx_HAL_Driver/Src/stm32g4xx_hal_cortex.o
 .debug_abbrev  0x0000000000000faf      0x1d3 ./Drivers/STM32G4xx_HAL_Driver/Src/stm32g4xx_hal_fdcan.o
 .debug_abbrev  0x0000000000001182      0x1bb ./Drivers/STM32G4xx_HAL_Driver/Src/stm32g4xx_hal_gpio.o
 .debug_abbrev  0x000000000000133d      0x229 ./Drivers/STM32G4xx_HAL_Driver/Src/stm32g4xx_hal_pwr_ex.o
 .debug_abbrev  0x0000000000001566      0x2bd ./Drivers/STM32G4xx_HAL_Driver/Src/stm32g4xx_hal_rcc.o
 .debug_abbrev  0x0000000000001823      0x247 ./Drivers/STM32G4xx_HAL_Driver/Src/stm32g4xx_hal_rcc_ex.o
 .debug_abbrev  0x0000000000001a6a      0x2f0 ./Drivers/STM32G4xx_HAL_Driver/Src/stm32g4xx_hal_uart.o
 .debug_abbrev  0x0000000000001d5a      0x2bd ./Drivers/STM32G4xx_HAL_Driver/Src/stm32g4xx_hal_uart_ex.o

.debug_aranges  0x0000000000000000      0xc58
 .debug_aranges
                0x0000000000000000       0x70 ./Core/Src/main.o
 .debug_aranges
                0x0000000000000070       0x40 ./Core/Src/stm32g4xx_hal_msp.o
 .debug_aranges
                0x00000000000000b0       0x78 ./Core/Src/stm32g4xx_it.o
 .debug_aranges
                0x0000000000000128       0xa8 ./Core/Src/syscalls.o
 .debug_aranges
                0x00000000000001d0       0x20 ./Core/Src/sysmem.o
 .debug_aranges
                0x00000000000001f0       0x28 ./Core/Src/system_stm32g4xx.o
 .debug_aranges
                0x0000000000000218       0x28 ./Core/Startup/startup_stm32g474retx.o
 .debug_aranges
                0x0000000000000240      0x130 ./Drivers/STM32G4xx_HAL_Driver/Src/stm32g4xx_hal.o
 .debug_aranges
                0x0000000000000370      0x118 ./Drivers/STM32G4xx_HAL_Driver/Src/stm32g4xx_hal_cortex.o
 .debug_aranges
                0x0000000000000488      0x208 ./Drivers/STM32G4xx_HAL_Driver/Src/stm32g4xx_hal_fdcan.o
 .debug_aranges
                0x0000000000000690       0x58 ./Drivers/STM32G4xx_HAL_Driver/Src/stm32g4xx_hal_gpio.o
 .debug_aranges
                0x00000000000006e8      0x140 ./Drivers/STM32G4xx_HAL_Driver/Src/stm32g4xx_hal_pwr_ex.o
 .debug_aranges
                0x0000000000000828       0x98 ./Drivers/STM32G4xx_HAL_Driver/Src/stm32g4xx_hal_rcc.o
 .debug_aranges
                0x00000000000008c0       0xb0 ./Drivers/STM32G4xx_HAL_Driver/Src/stm32g4xx_hal_rcc_ex.o
 .debug_aranges
                0x0000000000000970      0x248 ./Drivers/STM32G4xx_HAL_Driver/Src/stm32g4xx_hal_uart.o
 .debug_aranges
                0x0000000000000bb8       0xa0 ./Drivers/STM32G4xx_HAL_Driver/Src/stm32g4xx_hal_uart_ex.o

.debug_ranges   0x0000000000000000      0xb90
 .debug_ranges  0x0000000000000000       0x60 ./Core/Src/main.o
 .debug_ranges  0x0000000000000060       0x30 ./Core/Src/stm32g4xx_hal_msp.o
 .debug_ranges  0x0000000000000090       0x68 ./Core/Src/stm32g4xx_it.o
 .debug_ranges  0x00000000000000f8       0x98 ./Core/Src/syscalls.o
 .debug_ranges  0x0000000000000190       0x10 ./Core/Src/sysmem.o
 .debug_ranges  0x00000000000001a0       0x18 ./Core/Src/system_stm32g4xx.o
 .debug_ranges  0x00000000000001b8       0x20 ./Core/Startup/startup_stm32g474retx.o
 .debug_ranges  0x00000000000001d8      0x120 ./Drivers/STM32G4xx_HAL_Driver/Src/stm32g4xx_hal.o
 .debug_ranges  0x00000000000002f8      0x108 ./Drivers/STM32G4xx_HAL_Driver/Src/stm32g4xx_hal_cortex.o
 .debug_ranges  0x0000000000000400      0x1f8 ./Drivers/STM32G4xx_HAL_Driver/Src/stm32g4xx_hal_fdcan.o
 .debug_ranges  0x00000000000005f8       0x48 ./Drivers/STM32G4xx_HAL_Driver/Src/stm32g4xx_hal_gpio.o
 .debug_ranges  0x0000000000000640      0x130 ./Drivers/STM32G4xx_HAL_Driver/Src/stm32g4xx_hal_pwr_ex.o
 .debug_ranges  0x0000000000000770       0x88 ./Drivers/STM32G4xx_HAL_Driver/Src/stm32g4xx_hal_rcc.o
 .debug_ranges  0x00000000000007f8       0xa0 ./Drivers/STM32G4xx_HAL_Driver/Src/stm32g4xx_hal_rcc_ex.o
 .debug_ranges  0x0000000000000898      0x268 ./Drivers/STM32G4xx_HAL_Driver/Src/stm32g4xx_hal_uart.o
 .debug_ranges  0x0000000000000b00       0x90 ./Drivers/STM32G4xx_HAL_Driver/Src/stm32g4xx_hal_uart_ex.o

.debug_macro    0x0000000000000000    0x2626c
 .debug_macro   0x0000000000000000      0x332 ./Core/Src/main.o
 .debug_macro   0x0000000000000332      0xa78 ./Core/Src/main.o
 .debug_macro   0x0000000000000daa      0x15b ./Core/Src/main.o
 .debug_macro   0x0000000000000f05       0x2e ./Core/Src/main.o
 .debug_macro   0x0000000000000f33       0x28 ./Core/Src/main.o
 .debug_macro   0x0000000000000f5b       0x22 ./Core/Src/main.o
 .debug_macro   0x0000000000000f7d       0x8e ./Core/Src/main.o
 .debug_macro   0x000000000000100b       0x51 ./Core/Src/main.o
 .debug_macro   0x000000000000105c      0x103 ./Core/Src/main.o
 .debug_macro   0x000000000000115f       0x6a ./Core/Src/main.o
 .debug_macro   0x00000000000011c9      0x1df ./Core/Src/main.o
 .debug_macro   0x00000000000013a8       0x1c ./Core/Src/main.o
 .debug_macro   0x00000000000013c4       0x22 ./Core/Src/main.o
 .debug_macro   0x00000000000013e6       0xfb ./Core/Src/main.o
 .debug_macro   0x00000000000014e1     0x1011 ./Core/Src/main.o
 .debug_macro   0x00000000000024f2      0x11f ./Core/Src/main.o
 .debug_macro   0x0000000000002611    0x18b93 ./Core/Src/main.o
 .debug_macro   0x000000000001b1a4       0x6d ./Core/Src/main.o
 .debug_macro   0x000000000001b211     0x3554 ./Core/Src/main.o
 .debug_macro   0x000000000001e765      0x174 ./Core/Src/main.o
 .debug_macro   0x000000000001e8d9       0x5c ./Core/Src/main.o
 .debug_macro   0x000000000001e935     0x171f ./Core/Src/main.o
 .debug_macro   0x0000000000020054      0x600 ./Core/Src/main.o
 .debug_macro   0x0000000000020654      0x1b6 ./Core/Src/main.o
 .debug_macro   0x000000000002080a      0x34a ./Core/Src/main.o
 .debug_macro   0x0000000000020b54      0x53c ./Core/Src/main.o
 .debug_macro   0x0000000000021090      0x18b ./Core/Src/main.o
 .debug_macro   0x000000000002121b       0x43 ./Core/Src/main.o
 .debug_macro   0x000000000002125e      0x23d ./Core/Src/main.o
 .debug_macro   0x000000000002149b      0x211 ./Core/Src/main.o
 .debug_macro   0x00000000000216ac      0x6af ./Core/Src/main.o
 .debug_macro   0x0000000000021d5b      0x45c ./Core/Src/main.o
 .debug_macro   0x00000000000221b7      0x11c ./Core/Src/main.o
 .debug_macro   0x00000000000222d3      0x122 ./Core/Src/main.o
 .debug_macro   0x00000000000223f5      0x3d1 ./Core/Src/main.o
 .debug_macro   0x00000000000227c6      0x67e ./Core/Src/main.o
 .debug_macro   0x0000000000022e44       0xa6 ./Core/Src/main.o
 .debug_macro   0x0000000000022eea      0x358 ./Core/Src/main.o
 .debug_macro   0x0000000000023242       0x5e ./Core/Src/main.o
 .debug_macro   0x00000000000232a0       0x52 ./Core/Src/main.o
 .debug_macro   0x00000000000232f2       0x1e ./Core/Src/main.o
 .debug_macro   0x0000000000023310       0x3c ./Core/Src/main.o
 .debug_macro   0x000000000002334c       0x34 ./Core/Src/main.o
 .debug_macro   0x0000000000023380       0x16 ./Core/Src/main.o
 .debug_macro   0x0000000000023396       0x35 ./Core/Src/main.o
 .debug_macro   0x00000000000233cb      0x341 ./Core/Src/main.o
 .debug_macro   0x000000000002370c       0x10 ./Core/Src/main.o
 .debug_macro   0x000000000002371c       0x16 ./Core/Src/main.o
 .debug_macro   0x0000000000023732       0x43 ./Core/Src/main.o
 .debug_macro   0x0000000000023775       0x34 ./Core/Src/main.o
 .debug_macro   0x00000000000237a9       0x10 ./Core/Src/main.o
 .debug_macro   0x00000000000237b9       0x58 ./Core/Src/main.o
 .debug_macro   0x0000000000023811       0x71 ./Core/Src/main.o
 .debug_macro   0x0000000000023882       0x1c ./Core/Src/main.o
 .debug_macro   0x000000000002389e      0x12a ./Core/Src/main.o
 .debug_macro   0x00000000000239c8       0x10 ./Core/Src/main.o
 .debug_macro   0x00000000000239d8       0x1c ./Core/Src/main.o
 .debug_macro   0x00000000000239f4       0x52 ./Core/Src/main.o
 .debug_macro   0x0000000000023a46       0x22 ./Core/Src/main.o
 .debug_macro   0x0000000000023a68       0x10 ./Core/Src/main.o
 .debug_macro   0x0000000000023a78       0x52 ./Core/Src/main.o
 .debug_macro   0x0000000000023aca       0xd5 ./Core/Src/main.o
 .debug_macro   0x0000000000023b9f       0x1c ./Core/Src/main.o
 .debug_macro   0x0000000000023bbb       0x3d ./Core/Src/main.o
 .debug_macro   0x0000000000023bf8       0x16 ./Core/Src/main.o
 .debug_macro   0x0000000000023c0e      0x145 ./Core/Src/main.o
 .debug_macro   0x0000000000023d53      0x1d3 ./Core/Src/stm32g4xx_hal_msp.o
 .debug_macro   0x0000000000023f26      0x1dd ./Core/Src/stm32g4xx_it.o
 .debug_macro   0x0000000000024103      0x24c ./Core/Src/syscalls.o
 .debug_macro   0x000000000002434f       0x4c ./Core/Src/syscalls.o
 .debug_macro   0x000000000002439b       0x94 ./Core/Src/syscalls.o
 .debug_macro   0x000000000002442f       0x57 ./Core/Src/syscalls.o
 .debug_macro   0x0000000000024486       0x10 ./Core/Src/syscalls.o
 .debug_macro   0x0000000000024496       0x10 ./Core/Src/syscalls.o
 .debug_macro   0x00000000000244a6       0x10 ./Core/Src/syscalls.o
 .debug_macro   0x00000000000244b6       0x35 ./Core/Src/syscalls.o
 .debug_macro   0x00000000000244eb      0x12c ./Core/Src/syscalls.o
 .debug_macro   0x0000000000024617       0x16 ./Core/Src/syscalls.o
 .debug_macro   0x000000000002462d       0x16 ./Core/Src/syscalls.o
 .debug_macro   0x0000000000024643       0x29 ./Core/Src/syscalls.o
 .debug_macro   0x000000000002466c       0x10 ./Core/Src/syscalls.o
 .debug_macro   0x000000000002467c      0x241 ./Core/Src/syscalls.o
 .debug_macro   0x00000000000248bd       0x1c ./Core/Src/syscalls.o
 .debug_macro   0x00000000000248d9       0x10 ./Core/Src/syscalls.o
 .debug_macro   0x00000000000248e9      0x189 ./Core/Src/syscalls.o
 .debug_macro   0x0000000000024a72       0x16 ./Core/Src/syscalls.o
 .debug_macro   0x0000000000024a88       0xce ./Core/Src/syscalls.o
 .debug_macro   0x0000000000024b56       0xff ./Core/Src/sysmem.o
 .debug_macro   0x0000000000024c55      0x23b ./Core/Src/sysmem.o
 .debug_macro   0x0000000000024e90      0x1c4 ./Core/Src/system_stm32g4xx.o
 .debug_macro   0x0000000000025054      0x212 ./Drivers/STM32G4xx_HAL_Driver/Src/stm32g4xx_hal.o
 .debug_macro   0x0000000000025266      0x1c4 ./Drivers/STM32G4xx_HAL_Driver/Src/stm32g4xx_hal_cortex.o
 .debug_macro   0x000000000002542a      0x2d6 ./Drivers/STM32G4xx_HAL_Driver/Src/stm32g4xx_hal_fdcan.o
 .debug_macro   0x0000000000025700      0x1cb ./Drivers/STM32G4xx_HAL_Driver/Src/stm32g4xx_hal_gpio.o
 .debug_macro   0x00000000000258cb      0x1ee ./Drivers/STM32G4xx_HAL_Driver/Src/stm32g4xx_hal_pwr_ex.o
 .debug_macro   0x0000000000025ab9      0x206 ./Drivers/STM32G4xx_HAL_Driver/Src/stm32g4xx_hal_rcc.o
 .debug_macro   0x0000000000025cbf      0x1ee ./Drivers/STM32G4xx_HAL_Driver/Src/stm32g4xx_hal_rcc_ex.o
 .debug_macro   0x0000000000025ead      0x1ef ./Drivers/STM32G4xx_HAL_Driver/Src/stm32g4xx_hal_uart.o
 .debug_macro   0x000000000002609c      0x1d0 ./Drivers/STM32G4xx_HAL_Driver/Src/stm32g4xx_hal_uart_ex.o

.debug_line     0x0000000000000000     0xde93
 .debug_line    0x0000000000000000      0xc54 ./Core/Src/main.o
 .debug_line    0x0000000000000c54      0x7da ./Core/Src/stm32g4xx_hal_msp.o
 .debug_line    0x000000000000142e      0x7b5 ./Core/Src/stm32g4xx_it.o
 .debug_line    0x0000000000001be3      0x7db ./Core/Src/syscalls.o
 .debug_line    0x00000000000023be      0x4d1 ./Core/Src/sysmem.o
 .debug_line    0x000000000000288f      0x714 ./Core/Src/system_stm32g4xx.o
 .debug_line    0x0000000000002fa3       0x89 ./Core/Startup/startup_stm32g474retx.o
 .debug_line    0x000000000000302c      0xa8b ./Drivers/STM32G4xx_HAL_Driver/Src/stm32g4xx_hal.o
 .debug_line    0x0000000000003ab7      0xc3e ./Drivers/STM32G4xx_HAL_Driver/Src/stm32g4xx_hal_cortex.o
 .debug_line    0x00000000000046f5     0x1804 ./Drivers/STM32G4xx_HAL_Driver/Src/stm32g4xx_hal_fdcan.o
 .debug_line    0x0000000000005ef9      0xace ./Drivers/STM32G4xx_HAL_Driver/Src/stm32g4xx_hal_gpio.o
 .debug_line    0x00000000000069c7      0xc42 ./Drivers/STM32G4xx_HAL_Driver/Src/stm32g4xx_hal_pwr_ex.o
 .debug_line    0x0000000000007609      0xea1 ./Drivers/STM32G4xx_HAL_Driver/Src/stm32g4xx_hal_rcc.o
 .debug_line    0x00000000000084aa     0x11ae ./Drivers/STM32G4xx_HAL_Driver/Src/stm32g4xx_hal_rcc_ex.o
 .debug_line    0x0000000000009658     0x3b05 ./Drivers/STM32G4xx_HAL_Driver/Src/stm32g4xx_hal_uart.o
 .debug_line    0x000000000000d15d      0xd36 ./Drivers/STM32G4xx_HAL_Driver/Src/stm32g4xx_hal_uart_ex.o

.debug_str      0x0000000000000000    0xf0145
 .debug_str     0x0000000000000000    0xeaf5f ./Core/Src/main.o
                                      0xeb2d7 (size before relaxing)
 .debug_str     0x00000000000eaf5f      0x2ba ./Core/Src/stm32g4xx_hal_msp.o
                                      0xe7295 (size before relaxing)
 .debug_str     0x00000000000eb219      0x138 ./Core/Src/stm32g4xx_it.o
                                      0xe640a (size before relaxing)
 .debug_str     0x00000000000eb351     0x1750 ./Core/Src/syscalls.o
                                       0x8a7b (size before relaxing)
 .debug_str     0x00000000000ecaa1       0x6b ./Core/Src/sysmem.o
                                       0x5db7 (size before relaxing)
 .debug_str     0x00000000000ecb0c       0xdb ./Core/Src/system_stm32g4xx.o
                                      0xe6012 (size before relaxing)
 .debug_str     0x00000000000ecbe7       0x36 ./Core/Startup/startup_stm32g474retx.o
                                         0x61 (size before relaxing)
 .debug_str     0x00000000000ecc1d      0x5b7 ./Drivers/STM32G4xx_HAL_Driver/Src/stm32g4xx_hal.o
                                      0xe6cfd (size before relaxing)
 .debug_str     0x00000000000ed1d4      0x313 ./Drivers/STM32G4xx_HAL_Driver/Src/stm32g4xx_hal_cortex.o
                                      0xe69a8 (size before relaxing)
 .debug_str     0x00000000000ed4e7     0x1132 ./Drivers/STM32G4xx_HAL_Driver/Src/stm32g4xx_hal_fdcan.o
                                      0xe75ab (size before relaxing)
 .debug_str     0x00000000000ee619      0x10a ./Drivers/STM32G4xx_HAL_Driver/Src/stm32g4xx_hal_gpio.o
                                      0xe619d (size before relaxing)
 .debug_str     0x00000000000ee723      0x4a5 ./Drivers/STM32G4xx_HAL_Driver/Src/stm32g4xx_hal_pwr_ex.o
                                      0xe6500 (size before relaxing)
 .debug_str     0x00000000000eebc8      0x506 ./Drivers/STM32G4xx_HAL_Driver/Src/stm32g4xx_hal_rcc.o
                                      0xe6731 (size before relaxing)